[INFO] Scanning for projects...
[INFO] 
[INFO] -----------------------< com.example:JavaQuest >------------------------
[INFO] Building Java Quest 0.0.1-SNAPSHOT
[INFO]   from pom.xml
[INFO] --------------------------------[ jar ]---------------------------------
[INFO] 
[INFO] >>> spring-boot:3.4.4:run (default-cli) > test-compile @ JavaQuest >>>
[INFO] 
[INFO] --- resources:3.3.1:resources (default-resources) @ JavaQuest ---
[INFO] Copying 1 resource from src\main\resources to target\classes
[INFO] Copying 339 resources from src\main\resources to target\classes
[INFO] 
[INFO] --- compiler:3.13.0:compile (default-compile) @ JavaQuest ---
[INFO] Nothing to compile - all classes are up to date.
[INFO] 
[INFO] --- resources:3.3.1:testResources (default-testResources) @ JavaQuest ---
[INFO] skip non existing resourceDirectory C:\Users\kapit\Desktop\kursy\javaQuest\src\test\resources
[INFO] 
[INFO] --- compiler:3.13.0:testCompile (default-testCompile) @ JavaQuest ---
[INFO] Nothing to compile - all classes are up to date.
[INFO] 
[INFO] <<< spring-boot:3.4.4:run (default-cli) < test-compile @ JavaQuest <<<
[INFO] 
[INFO] 
[INFO] --- spring-boot:3.4.4:run (default-cli) @ JavaQuest ---
[INFO] Attaching agents: []

  .   ____          _            __ _ _
 /\\ / ___'_ __ _ _(_)_ __  __ _ \ \ \ \
( ( )\___ | '_ | '_| | '_ \/ _` | \ \ \ \
 \\/  ___)| |_)| | | | | || (_| |  ) ) ) )
  '  |____| .__|_| |_|_| |_\__, | / / / /
 =========|_|==============|___/=/_/_/_/

 :: Spring Boot ::                (v3.4.4)

2026-08-30T19:38:37.546+02:00  INFO 23180 --- [Java Quest] [           main] [                                                 ] c.e.javaquest.web.JavaQuestApplication   : Starting JavaQuestApplication using Java 25.0.2 with PID 23180 (C:\Users\kapit\Desktop\kursy\javaQuest\target\classes started by kapit in C:\Users\kapit\Desktop\kursy\javaQuest)
2026-08-30T19:38:37.551+02:00  INFO 23180 --- [Java Quest] [           main] [                                                 ] c.e.javaquest.web.JavaQuestApplication   : No active profile set, falling back to 1 default profile: "default"
2026-08-30T19:38:38.983+02:00  INFO 23180 --- [Java Quest] [           main] [                                                 ] .s.d.r.c.RepositoryConfigurationDelegate : Multiple Spring Data modules found, entering strict repository configuration mode
2026-08-30T19:38:38.983+02:00  INFO 23180 --- [Java Quest] [           main] [                                                 ] .s.d.r.c.RepositoryConfigurationDelegate : Bootstrapping Spring Data JPA repositories in DEFAULT mode.
2026-08-30T19:38:39.216+02:00  INFO 23180 --- [Java Quest] [           main] [                                                 ] .s.d.r.c.RepositoryConfigurationDelegate : Finished Spring Data repository scanning in 220 ms. Found 5 JPA repository interfaces.
2026-08-30T19:38:40.831+02:00  INFO 23180 --- [Java Quest] [           main] [                                                 ] faultConfiguringBeanFactoryPostProcessor : No bean named 'errorChannel' has been explicitly defined. Therefore, a default PublishSubscribeChannel will be created.
2026-08-30T19:38:40.859+02:00  INFO 23180 --- [Java Quest] [           main] [                                                 ] faultConfiguringBeanFactoryPostProcessor : No bean named 'integrationHeaderChannelRegistry' has been explicitly defined. Therefore, a default DefaultHeaderChannelRegistry will be created.
2026-08-30T19:38:41.331+02:00  INFO 23180 --- [Java Quest] [           main] [                                                 ] o.s.cloud.context.scope.GenericScope     : BeanFactory id=ef7aec08-8ca3-3ddb-8bcb-59efdb20ec4c
2026-08-30T19:38:42.746+02:00  INFO 23180 --- [Java Quest] [           main] [                                                 ] o.s.b.w.embedded.tomcat.TomcatWebServer  : Tomcat initialized with port 8082 (http)
2026-08-30T19:38:42.776+02:00  INFO 23180 --- [Java Quest] [           main] [                                                 ] o.apache.catalina.core.StandardService   : Starting service [Tomcat]
2026-08-30T19:38:42.776+02:00  INFO 23180 --- [Java Quest] [           main] [                                                 ] o.apache.catalina.core.StandardEngine    : Starting Servlet engine: [Apache Tomcat/10.1.39]
2026-08-30T19:38:42.887+02:00  INFO 23180 --- [Java Quest] [           main] [                                                 ] o.a.c.c.C.[Tomcat].[localhost].[/]       : Initializing Spring embedded WebApplicationContext
2026-08-30T19:38:42.887+02:00  INFO 23180 --- [Java Quest] [           main] [                                                 ] w.s.c.ServletWebServerApplicationContext : Root WebApplicationContext: initialization completed in 5279 ms
2026-08-30T19:38:43.537+02:00  INFO 23180 --- [Java Quest] [           main] [                                                 ] o.hibernate.jpa.internal.util.LogHelper  : HHH000204: Processing PersistenceUnitInfo [name: default]
2026-08-30T19:38:43.626+02:00  INFO 23180 --- [Java Quest] [           main] [                                                 ] org.hibernate.Version                    : HHH000412: Hibernate ORM core version 6.6.11.Final
2026-08-30T19:38:43.674+02:00  INFO 23180 --- [Java Quest] [           main] [                                                 ] o.h.c.internal.RegionFactoryInitiator    : HHH000025: Second-level cache region factory [org.hibernate.cache.jcache.internal.JCacheRegionFactory]
2026-08-30T19:38:43.779+02:00  INFO 23180 --- [Java Quest] [           main] [                                                 ] o.h.e.boot.internal.EnversServiceImpl    : Envers integration enabled? : true
2026-08-30T19:38:44.203+02:00  INFO 23180 --- [Java Quest] [           main] [                                                 ] o.s.o.j.p.SpringPersistenceUnitInfo      : No LoadTimeWeaver setup: ignoring JPA class transformer
2026-08-30T19:38:44.291+02:00  INFO 23180 --- [Java Quest] [           main] [                                                 ] com.zaxxer.hikari.HikariDataSource       : HikariPool-1 - Starting...
2026-08-30T19:38:44.591+02:00  INFO 23180 --- [Java Quest] [           main] [                                                 ] com.zaxxer.hikari.pool.HikariPool        : HikariPool-1 - Added connection conn0: url=jdbc:h2:mem:javaquest_platform user=SA
2026-08-30T19:38:44.591+02:00  INFO 23180 --- [Java Quest] [           main] [                                                 ] com.zaxxer.hikari.HikariDataSource       : HikariPool-1 - Start completed.
2026-08-30T19:38:44.666+02:00  INFO 23180 --- [Java Quest] [           main] [                                                 ] org.hibernate.orm.connections.pooling    : HHH10001005: Database info:
	Database JDBC URL [Connecting through datasource 'HikariDataSource (HikariPool-1)']
	Database driver: undefined/unknown
	Database version: 2.3.232
	Autocommit mode: undefined/unknown
	Isolation level: undefined/unknown
	Minimum pool size: undefined/unknown
	Maximum pool size: undefined/unknown
2026-08-30T19:38:47.330+02:00  INFO 23180 --- [Java Quest] [           main] [                                                 ] o.h.e.t.j.p.i.JtaPlatformInitiator       : HHH000489: No JTA platform available (set 'hibernate.transaction.jta.platform' to enable JTA platform integration)
2026-08-30T19:38:47.484+02:00  INFO 23180 --- [Java Quest] [           main] [                                                 ] j.LocalContainerEntityManagerFactoryBean : Initialized JPA EntityManagerFactory for persistence unit 'default'
2026-08-30T19:38:48.703+02:00  WARN 23180 --- [Java Quest] [           main] [                                                 ] JpaBaseConfiguration$JpaWebConfiguration : spring.jpa.open-in-view is enabled by default. Therefore, database queries may be performed during view rendering. Explicitly configure spring.jpa.open-in-view to disable this warning
2026-08-30T19:38:48.778+02:00  INFO 23180 --- [Java Quest] [           main] [                                                 ] o.s.b.a.w.s.WelcomePageHandlerMapping    : Adding welcome page: class path resource [static/index.html]
2026-08-30T19:38:52.620+02:00  INFO 23180 --- [Java Quest] [           main] [                                                 ] o.s.b.a.e.web.EndpointLinksResolver      : Exposing 1 endpoint beneath base path '/actuator'
2026-08-30T19:38:52.770+02:00  INFO 23180 --- [Java Quest] [           main] [                                                 ] o.s.i.endpoint.EventDrivenConsumer       : Adding {logging-channel-adapter:_org.springframework.integration.errorLogger} as a subscriber to the 'errorChannel' channel
2026-08-30T19:38:52.770+02:00  INFO 23180 --- [Java Quest] [           main] [                                                 ] o.s.i.channel.PublishSubscribeChannel    : Channel 'Java Quest.errorChannel' has 1 subscriber(s).
2026-08-30T19:38:52.770+02:00  INFO 23180 --- [Java Quest] [           main] [                                                 ] o.s.i.endpoint.EventDrivenConsumer       : started bean '_org.springframework.integration.errorLogger'
WARNING: A terminally deprecated method in sun.misc.Unsafe has been called
WARNING: sun.misc.Unsafe::allocateMemory has been called by io.netty.util.internal.PlatformDependent0$2 (file:/C:/Users/kapit/.m2/repository/io/netty/netty-common/4.1.119.Final/netty-common-4.1.119.Final.jar)
WARNING: Please consider reporting this to the maintainers of class io.netty.util.internal.PlatformDependent0$2
WARNING: sun.misc.Unsafe::allocateMemory will be removed in a future release
2026-08-30T19:38:52.852+02:00  INFO 23180 --- [Java Quest] [           main] [                                                 ] o.s.b.w.embedded.tomcat.TomcatWebServer  : Tomcat started on port 8082 (http) with context path '/'
2026-08-30T19:38:52.872+02:00  INFO 23180 --- [Java Quest] [           main] [                                                 ] c.e.javaquest.web.JavaQuestApplication   : Started JavaQuestApplication in 15.767 seconds (process running for 16.482)
2026-08-30T19:39:00.216+02:00  INFO 23180 --- [Java Quest] [nio-8082-exec-1] [                                                 ] o.a.c.c.C.[Tomcat].[localhost].[/]       : Initializing Spring DispatcherServlet 'dispatcherServlet'
2026-08-30T19:39:00.216+02:00  INFO 23180 --- [Java Quest] [nio-8082-exec-1] [                                                 ] o.s.web.servlet.DispatcherServlet        : Initializing Servlet 'dispatcherServlet'
2026-08-30T19:39:00.218+02:00  INFO 23180 --- [Java Quest] [nio-8082-exec-1] [                                                 ] o.s.web.servlet.DispatcherServlet        : Completed initialization in 2 ms
2026-08-30T19:39:29.715+02:00  WARN 23180 --- [Java Quest] [           main] [                                                 ] o.s.core.events.SpringDocAppInitializer  : SpringDoc /v3/api-docs endpoint is enabled by default. To disable it in production, set the property 'springdoc.api-docs.enabled=false'
2026-08-30T19:39:29.715+02:00  WARN 23180 --- [Java Quest] [           main] [                                                 ] o.s.core.events.SpringDocAppInitializer  : SpringDoc /swagger-ui.html endpoint is enabled by default. To disable it in production, set the property 'springdoc.swagger-ui.enabled=false'
