[INFO] Scanning for projects...
[INFO] 
[INFO] -----------------------< com.example:JavaQuest >------------------------
[INFO] Building Java Quest 0.0.1-SNAPSHOT
[INFO]   from pom.xml
[INFO] --------------------------------[ jar ]---------------------------------
[INFO] 
[INFO] >>> spring-boot:3.4.4:run (default-cli) > test-compile @ JavaQuest >>>
[INFO] 
[INFO] --- resources:3.3.1:resources (default-resources) @ JavaQuest ---
[INFO] Copying 1 resource from src\main\resources to target\classes
[INFO] Copying 676 resources from src\main\resources to target\classes
[INFO] 
[INFO] --- compiler:3.13.0:compile (default-compile) @ JavaQuest ---
[INFO] Nothing to compile - all classes are up to date.
[INFO] 
[INFO] --- resources:3.3.1:testResources (default-testResources) @ JavaQuest ---
[INFO] skip non existing resourceDirectory C:\Users\kapit\Desktop\kursy\javaQuest\src\test\resources
[INFO] 
[INFO] --- compiler:3.13.0:testCompile (default-testCompile) @ JavaQuest ---
[INFO] Nothing to compile - all classes are up to date.
[INFO] 
[INFO] <<< spring-boot:3.4.4:run (default-cli) < test-compile @ JavaQuest <<<
[INFO] 
[INFO] 
[INFO] --- spring-boot:3.4.4:run (default-cli) @ JavaQuest ---
[INFO] Attaching agents: []

  .   ____          _            __ _ _
 /\\ / ___'_ __ _ _(_)_ __  __ _ \ \ \ \
( ( )\___ | '_ | '_| | '_ \/ _` | \ \ \ \
 \\/  ___)| |_)| | | | | || (_| |  ) ) ) )
  '  |____| .__|_| |_|_| |_\__, | / / / /
 =========|_|==============|___/=/_/_/_/

 :: Spring Boot ::                (v3.4.4)

2026-09-10T21:54:56.163+02:00  INFO 2996 --- [Java Quest] [           main] [                                                 ] c.e.javaquest.web.JavaQuestApplication   : Starting JavaQuestApplication using Java 25.0.2 with PID 2996 (C:\Users\kapit\Desktop\kursy\javaQuest\target\classes started by kapit in C:\Users\kapit\Desktop\kursy\javaQuest)
2026-09-10T21:54:56.166+02:00  INFO 2996 --- [Java Quest] [           main] [                                                 ] c.e.javaquest.web.JavaQuestApplication   : No active profile set, falling back to 1 default profile: "default"
2026-09-10T21:54:57.193+02:00  INFO 2996 --- [Java Quest] [           main] [                                                 ] .s.d.r.c.RepositoryConfigurationDelegate : Multiple Spring Data modules found, entering strict repository configuration mode
2026-09-10T21:54:57.194+02:00  INFO 2996 --- [Java Quest] [           main] [                                                 ] .s.d.r.c.RepositoryConfigurationDelegate : Bootstrapping Spring Data JPA repositories in DEFAULT mode.
2026-09-10T21:54:57.317+02:00  INFO 2996 --- [Java Quest] [           main] [                                                 ] .s.d.r.c.RepositoryConfigurationDelegate : Finished Spring Data repository scanning in 114 ms. Found 5 JPA repository interfaces.
2026-09-10T21:54:58.073+02:00  INFO 2996 --- [Java Quest] [           main] [                                                 ] faultConfiguringBeanFactoryPostProcessor : No bean named 'errorChannel' has been explicitly defined. Therefore, a default PublishSubscribeChannel will be created.
2026-09-10T21:54:58.086+02:00  INFO 2996 --- [Java Quest] [           main] [                                                 ] faultConfiguringBeanFactoryPostProcessor : No bean named 'integrationHeaderChannelRegistry' has been explicitly defined. Therefore, a default DefaultHeaderChannelRegistry will be created.
2026-09-10T21:54:58.280+02:00  INFO 2996 --- [Java Quest] [           main] [                                                 ] o.s.cloud.context.scope.GenericScope     : BeanFactory id=ef7aec08-8ca3-3ddb-8bcb-59efdb20ec4c
2026-09-10T21:54:58.984+02:00  INFO 2996 --- [Java Quest] [           main] [                                                 ] o.s.b.w.embedded.tomcat.TomcatWebServer  : Tomcat initialized with port 8082 (http)
2026-09-10T21:54:58.998+02:00  INFO 2996 --- [Java Quest] [           main] [                                                 ] o.apache.catalina.core.StandardService   : Starting service [Tomcat]
2026-09-10T21:54:58.998+02:00  INFO 2996 --- [Java Quest] [           main] [                                                 ] o.apache.catalina.core.StandardEngine    : Starting Servlet engine: [Apache Tomcat/10.1.39]
2026-09-10T21:54:59.087+02:00  INFO 2996 --- [Java Quest] [           main] [                                                 ] o.a.c.c.C.[Tomcat].[localhost].[/]       : Initializing Spring embedded WebApplicationContext
2026-09-10T21:54:59.087+02:00  INFO 2996 --- [Java Quest] [           main] [                                                 ] w.s.c.ServletWebServerApplicationContext : Root WebApplicationContext: initialization completed in 2864 ms
2026-09-10T21:54:59.764+02:00  INFO 2996 --- [Java Quest] [           main] [                                                 ] o.hibernate.jpa.internal.util.LogHelper  : HHH000204: Processing PersistenceUnitInfo [name: default]
2026-09-10T21:54:59.818+02:00  INFO 2996 --- [Java Quest] [           main] [                                                 ] org.hibernate.Version                    : HHH000412: Hibernate ORM core version 6.6.11.Final
2026-09-10T21:54:59.847+02:00  INFO 2996 --- [Java Quest] [           main] [                                                 ] o.h.c.internal.RegionFactoryInitiator    : HHH000025: Second-level cache region factory [org.hibernate.cache.jcache.internal.JCacheRegionFactory]
2026-09-10T21:54:59.923+02:00  INFO 2996 --- [Java Quest] [           main] [                                                 ] o.h.e.boot.internal.EnversServiceImpl    : Envers integration enabled? : true
2026-09-10T21:55:00.085+02:00  INFO 2996 --- [Java Quest] [           main] [                                                 ] o.s.o.j.p.SpringPersistenceUnitInfo      : No LoadTimeWeaver setup: ignoring JPA class transformer
2026-09-10T21:55:00.115+02:00  INFO 2996 --- [Java Quest] [           main] [                                                 ] com.zaxxer.hikari.HikariDataSource       : HikariPool-1 - Starting...
2026-09-10T21:55:00.258+02:00  INFO 2996 --- [Java Quest] [           main] [                                                 ] com.zaxxer.hikari.pool.HikariPool        : HikariPool-1 - Added connection conn0: url=jdbc:h2:mem:javaquest_platform user=SA
2026-09-10T21:55:00.260+02:00  INFO 2996 --- [Java Quest] [           main] [                                                 ] com.zaxxer.hikari.HikariDataSource       : HikariPool-1 - Start completed.
2026-09-10T21:55:00.318+02:00  INFO 2996 --- [Java Quest] [           main] [                                                 ] org.hibernate.orm.connections.pooling    : HHH10001005: Database info:
	Database JDBC URL [Connecting through datasource 'HikariDataSource (HikariPool-1)']
	Database driver: undefined/unknown
	Database version: 2.3.232
	Autocommit mode: undefined/unknown
	Isolation level: undefined/unknown
	Minimum pool size: undefined/unknown
	Maximum pool size: undefined/unknown
2026-09-10T21:55:01.357+02:00  INFO 2996 --- [Java Quest] [           main] [                                                 ] o.h.e.t.j.p.i.JtaPlatformInitiator       : HHH000489: No JTA platform available (set 'hibernate.transaction.jta.platform' to enable JTA platform integration)
2026-09-10T21:55:01.408+02:00  INFO 2996 --- [Java Quest] [           main] [                                                 ] j.LocalContainerEntityManagerFactoryBean : Initialized JPA EntityManagerFactory for persistence unit 'default'
2026-09-10T21:55:02.229+02:00  WARN 2996 --- [Java Quest] [           main] [                                                 ] JpaBaseConfiguration$JpaWebConfiguration : spring.jpa.open-in-view is enabled by default. Therefore, database queries may be performed during view rendering. Explicitly configure spring.jpa.open-in-view to disable this warning
2026-09-10T21:55:02.290+02:00  INFO 2996 --- [Java Quest] [           main] [                                                 ] o.s.b.a.w.s.WelcomePageHandlerMapping    : Adding welcome page: class path resource [static/index.html]
2026-09-10T21:55:05.035+02:00  INFO 2996 --- [Java Quest] [           main] [                                                 ] o.s.b.a.e.web.EndpointLinksResolver      : Exposing 1 endpoint beneath base path '/actuator'
2026-09-10T21:55:05.195+02:00  INFO 2996 --- [Java Quest] [           main] [                                                 ] o.s.i.endpoint.EventDrivenConsumer       : Adding {logging-channel-adapter:_org.springframework.integration.errorLogger} as a subscriber to the 'errorChannel' channel
2026-09-10T21:55:05.196+02:00  INFO 2996 --- [Java Quest] [           main] [                                                 ] o.s.i.channel.PublishSubscribeChannel    : Channel 'Java Quest.errorChannel' has 1 subscriber(s).
2026-09-10T21:55:05.196+02:00  INFO 2996 --- [Java Quest] [           main] [                                                 ] o.s.i.endpoint.EventDrivenConsumer       : started bean '_org.springframework.integration.errorLogger'
WARNING: A terminally deprecated method in sun.misc.Unsafe has been called
WARNING: sun.misc.Unsafe::allocateMemory has been called by io.netty.util.internal.PlatformDependent0$2 (file:/C:/Users/kapit/.m2/repository/io/netty/netty-common/4.1.119.Final/netty-common-4.1.119.Final.jar)
WARNING: Please consider reporting this to the maintainers of class io.netty.util.internal.PlatformDependent0$2
WARNING: sun.misc.Unsafe::allocateMemory will be removed in a future release
2026-09-10T21:55:05.276+02:00  INFO 2996 --- [Java Quest] [           main] [                                                 ] o.s.i.endpoint.EventDrivenConsumer       : Removing {logging-channel-adapter:_org.springframework.integration.errorLogger} as a subscriber to the 'errorChannel' channel
2026-09-10T21:55:05.276+02:00  INFO 2996 --- [Java Quest] [           main] [                                                 ] o.s.i.channel.PublishSubscribeChannel    : Channel 'Java Quest.errorChannel' has 0 2026-09-10T21:55:21.407+02:00  INFO 21592 --- [Java Quest] [nio-8082-exec-1] [                                                 ] o.a.c.c.C.[Tomcat].[localhost].[/]       : Initializing Spring DispatcherServlet 'dispatcherServlet'
2026-09-10T21:55:21.407+02:00  INFO 21592 --- [Java Quest] [nio-8082-exec-1] [                                                 ] o.s.web.servlet.DispatcherServlet        : Initializing Servlet 'dispatcherServlet'
2026-09-10T21:55:21.412+02:00  INFO 21592 --- [Java Quest] [nio-8082-exec-1] [                                                 ] o.s.web.servlet.DispatcherServlet        : Completed initialization in 5 ms
2026-09-10T21:55:32.394+02:00  WARN 21592 --- [Java Quest] [           main] [                                                 ] o.s.core.events.SpringDocAppInitializer  : SpringDoc /v3/api-docs endpoint is enabled by default. To disable it in production, set the property 'springdoc.api-docs.enabled=false'
2026-09-10T21:55:32.394+02:00  WARN 21592 --- [Java Quest] [           main] [                                                 ] o.s.core.events.SpringDocAppInitializer  : SpringDoc /swagger-ui.html endpoint is enabled by default. To disable it in production, set the property 'springdoc.swagger-ui.enabled=false'
7+02:00  INFO 2996 --- [Java Quest] [           main] [                                                 ] .s.b.a.l.ConditionEvaluationReportLogger : 

Error starting ApplicationContext. To display the condition evaluation report re-run your application with 'debug' enabled.
2026-09-10T21:55:05.332+02:00 ERROR 2996 --- [Java Quest] [           main] [                                                 ] o.s.b.d.LoggingFailureAnalysisReporter   : 

***************************
APPLICATION FAILED TO START
***************************

Description:

Web server failed to start. Port 8082 was already in use.

Action:

Identify and stop the process that's listening on port 8082 or configure this application to listen on another port.

[INFO] ------------------------------------------------------------------------
[INFO] BUILD FAILURE
[INFO] ------------------------------------------------------------------------
[INFO] Total time:  18.509 s
[INFO] Finished at: 2026-09-10T21:55:05+02:00
[INFO] ------------------------------------------------------------------------
[ERROR] Failed to execute goal org.springframework.boot:spring-boot-maven-plugin:3.4.4:run (default-cli) on project JavaQuest: Process terminated with exit code: 1 -> [Help 1]
[ERROR] 
[ERROR] To see the full stack trace of the errors, re-run Maven with the -e switch.
[ERROR] Re-run Maven using the -X switch to enable full debug logging.
[ERROR] 
[ERROR] For more information about the errors and possible solutions, please read the following articles:
[ERROR] [Help 1] http://cwiki.apache.org/confluence/display/MAVEN/MojoExecutionException
