WARNING: A restricted method in java.lang.System has been called
WARNING: java.lang.System::load has been called by org.fusesource.jansi.internal.JansiLoader in an unnamed module (file:/C:/Users/kapit/.m2/wrapper/dists/apache-maven-3.9.9/977a63e90f436cd6ade95b4c0e10c20c/lib/jansi-2.4.1.jar)
WARNING: Use --enable-native-access=ALL-UNNAMED to avoid a warning for callers in this module
WARNING: Restricted methods will be blocked in a future release unless native access is enabled

WARNING: A terminally deprecated method in sun.misc.Unsafe has been called
WARNING: sun.misc.Unsafe::objectFieldOffset has been called by com.google.common.util.concurrent.AbstractFuture$UnsafeAtomicHelper (file:/C:/Users/kapit/.m2/wrapper/dists/apache-maven-3.9.9/977a63e90f436cd6ade95b4c0e10c20c/lib/guava-33.2.1-jre.jar)
WARNING: Please consider reporting this to the maintainers of class com.google.common.util.concurrent.AbstractFuture$UnsafeAtomicHelper
WARNING: sun.misc.Unsafe::objectFieldOffset will be removed in a future release
=== LEKCJA 3: Eureka - embedded server + klienci W JEDNYM JVM ===
eureka-server: @EnableEurekaServer. eureka-client: SAM starter na classpath rejestruje aplikacje. Oba wymagaja jawnego przywrocenia eureka.client.enabled=true.

  .   ____          _            __ _ _
 /\\ / ___'_ __ _ _(_)_ __  __ _ \ \ \ \
( ( )\___ | '_ | '_| | '_ \/ _` | \ \ \ \
 \\/  ___)| |_)| | | | | || (_| |  ) ) ) )
  '  |____| .__|_| |_|_| |_\__, | / / / /
 =========|_|==============|___/=/_/_/_/

 :: Spring Boot ::                (v3.4.4)

2026-07-25T20:04:13.010+02:00  WARN 1920 --- [Java Quest] [ixEureka.main()] [                                                 ] o.s.core.events.SpringDocAppInitializer  : SpringDoc /v3/api-docs endpoint is enabled by default. To disable it in production, set the property 'springdoc.api-docs.enabled=false'
2026-07-25T20:04:13.013+02:00  WARN 1920 --- [Java Quest] [ixEureka.main()] [                                                 ] o.s.core.events.SpringDocAppInitializer  : SpringDoc /swagger-ui.html endpoint is enabled by default. To disable it in production, set the property 'springdoc.swagger-ui.enabled=false'
Eureka Server wystartowal NA porcie 58262 (http://localhost:58262/eureka/).

  .   ____          _            __ _ _
 /\\ / ___'_ __ _ _(_)_ __  __ _ \ \ \ \
( ( )\___ | '_ | '_| | '_ \/ _` | \ \ \ \
 \\/  ___)| |_)| | | | | || (_| |  ) ) ) )
  '  |____| .__|_| |_|_| |_\__, | / / / /
 =========|_|==============|___/=/_/_/_/

 :: Spring Boot ::                (v3.4.4)

2026-07-25T20:04:14.257+02:00 DEBUG 1920 --- [Java Quest] [ixEureka.main()] [                                                 ] .c.n.e.s.EurekaServerAutoConfiguration$1 : Filter 'eurekaVersionFilterRegistration' configured for use
2026-07-25T20:04:14.298+02:00  INFO 1920 --- [Java Quest] [ixEureka.main()] [                                                 ] c.n.d.provider.DiscoveryJerseyProvider   : Using JSON encoding codec LegacyJacksonJson
2026-07-25T20:04:14.298+02:00  INFO 1920 --- [Java Quest] [ixEureka.main()] [                                                 ] c.n.d.provider.DiscoveryJerseyProvider   : Using JSON decoding codec LegacyJacksonJson
2026-07-25T20:04:14.299+02:00  INFO 1920 --- [Java Quest] [ixEureka.main()] [                                                 ] c.n.d.provider.DiscoveryJerseyProvider   : Using XML encoding codec XStreamXml
2026-07-25T20:04:14.299+02:00  INFO 1920 --- [Java Quest] [ixEureka.main()] [                                                 ] c.n.d.provider.DiscoveryJerseyProvider   : Using XML decoding codec XStreamXml
2026-07-25T20:04:16.032+02:00  INFO 1920 --- [Java Quest] [ixEureka.main()] [                                                 ] o.s.c.n.eureka.InstanceInfoFactory       : Setting initial instance status as: STARTING
2026-07-25T20:04:16.036+02:00  INFO 1920 --- [Java Quest] [ixEureka.main()] [                                                 ] com.netflix.discovery.DiscoveryClient    : Initializing Eureka in region us-east-1
2026-07-25T20:04:16.044+02:00  INFO 1920 --- [Java Quest] [ixEureka.main()] [                                                 ] c.n.d.provider.DiscoveryJerseyProvider   : Using JSON encoding codec LegacyJacksonJson
2026-07-25T20:04:16.044+02:00  INFO 1920 --- [Java Quest] [ixEureka.main()] [                                                 ] c.n.d.provider.DiscoveryJerseyProvider   : Using JSON decoding codec LegacyJacksonJson
2026-07-25T20:04:16.045+02:00  INFO 1920 --- [Java Quest] [ixEureka.main()] [                                                 ] c.n.d.provider.DiscoveryJerseyProvider   : Using XML encoding codec XStreamXml
2026-07-25T20:04:16.045+02:00  INFO 1920 --- [Java Quest] [ixEureka.main()] [                                                 ] c.n.d.provider.DiscoveryJerseyProvider   : Using XML decoding codec XStreamXml
2026-07-25T20:04:16.057+02:00  INFO 1920 --- [Java Quest] [ixEureka.main()] [                                                 ] c.n.d.s.r.aws.ConfigClusterResolver      : Resolving eureka endpoints via configuration
2026-07-25T20:04:16.058+02:00 DEBUG 1920 --- [Java Quest] [ixEureka.main()] [                                                 ] c.n.discovery.endpoint.EndpointUtils     : The availability zone for the given region us-east-1 are [defaultZone]
2026-07-25T20:04:16.059+02:00 DEBUG 1920 --- [Java Quest] [ixEureka.main()] [                                                 ] c.n.d.s.r.aws.ConfigClusterResolver      : Config resolved to [AwsEndpoint{ serviceUrl='http://localhost:58262/eureka/', region='us-east-1', zone='defaultZone'}]
2026-07-25T20:04:16.059+02:00 DEBUG 1920 --- [Java Quest] [ixEureka.main()] [                                                 ] c.n.d.s.r.a.ZoneAffinityClusterResolver  : Local zone=defaultZone; resolved to: [AwsEndpoint{ serviceUrl='http://localhost:58262/eureka/', region='us-east-1', zone='defaultZone'}]
2026-07-25T20:04:16.065+02:00  INFO 1920 --- [Java Quest] [ixEureka.main()] [                                                 ] com.netflix.discovery.DiscoveryClient    : Disable delta property : false
2026-07-25T20:04:16.066+02:00  INFO 1920 --- [Java Quest] [ixEureka.main()] [                                                 ] com.netflix.discovery.DiscoveryClient    : Single vip registry refresh property : null
2026-07-25T20:04:16.066+02:00  INFO 1920 --- [Java Quest] [ixEureka.main()] [                                                 ] com.netflix.discovery.DiscoveryClient    : Force full registry fetch : false
2026-07-25T20:04:16.066+02:00  INFO 1920 --- [Java Quest] [ixEureka.main()] [                                                 ] com.netflix.discovery.DiscoveryClient    : Application is null : false
2026-07-25T20:04:16.066+02:00  INFO 1920 --- [Java Quest] [ixEureka.main()] [                                                 ] com.netflix.discovery.DiscoveryClient    : Registered Applications size is zero : true
2026-07-25T20:04:16.066+02:00  INFO 1920 --- [Java Quest] [ixEureka.main()] [                                                 ] com.netflix.discovery.DiscoveryClient    : Application version is -1: true
2026-07-25T20:04:16.066+02:00  INFO 1920 --- [Java Quest] [ixEureka.main()] [                                                 ] com.netflix.discovery.DiscoveryClient    : Getting all instance registry info from the eureka server
2026-07-25T20:04:16.066+02:00 DEBUG 1920 --- [Java Quest] [ixEureka.main()] [                                                 ] c.n.d.s.t.d.SessionedEurekaHttpClient    : Ending a session and starting anew
2026-07-25T20:04:16.327+02:00 DEBUG 1920 --- [Java Quest] [ixEureka.main()] [                                                 ] c.n.d.util.DeserializerStringCache       : clearing global-level cache with size 0
2026-07-25T20:04:16.327+02:00 DEBUG 1920 --- [Java Quest] [ixEureka.main()] [                                                 ] c.n.d.util.DeserializerStringCache       : clearing app-level serialization cache with size 0
2026-07-25T20:04:16.328+02:00 DEBUG 1920 --- [Java Quest] [ixEureka.main()] [                                                 ] .d.s.t.j.AbstractJersey3EurekaHttpClient : Jersey3 HTTP GET http://localhost:58262/eureka//apps/; statusCode=200
2026-07-25T20:04:16.329+02:00 DEBUG 1920 --- [Java Quest] [ixEureka.main()] [                                                 ] c.n.d.s.t.d.RedirectingEurekaHttpClient  : Pinning to endpoint null
2026-07-25T20:04:16.329+02:00  INFO 1920 --- [Java Quest] [ixEureka.main()] [                                                 ] com.netflix.discovery.DiscoveryClient    : The response status is 200
2026-07-25T20:04:16.329+02:00 DEBUG 1920 --- [Java Quest] [ixEureka.main()] [                                                 ] com.netflix.discovery.DiscoveryClient    : Got full registry with apps hashcode 
2026-07-25T20:04:16.329+02:00 DEBUG 1920 --- [Java Quest] [ixEureka.main()] [                                                 ] com.netflix.discovery.DiscoveryClient    : The total number of all instances in the client now is 0
2026-07-25T20:04:16.330+02:00  INFO 1920 --- [Java Quest] [ixEureka.main()] [                                                 ] com.netflix.discovery.DiscoveryClient    : Starting heartbeat executor: renew interval is: 1
2026-07-25T20:04:16.332+02:00  INFO 1920 --- [Java Quest] [ixEureka.main()] [                                                 ] c.n.discovery.InstanceInfoReplicator     : InstanceInfoReplicator onDemand update allowed rate per min is 4
2026-07-25T20:04:16.333+02:00  INFO 1920 --- [Java Quest] [ixEureka.main()] [                                                 ] com.netflix.discovery.DiscoveryClient    : Discovery Client initialized at timestamp 1785002656333 with initial instances count: 0
2026-07-25T20:04:16.368+02:00 DEBUG 1920 --- [Java Quest] [ixEureka.main()] [                                                 ] c.n.discovery.endpoint.EndpointUtils     : The availability zone for the given region us-east-1 are [defaultZone]
2026-07-25T20:04:16.370+02:00  INFO 1920 --- [Java Quest] [ixEureka.main()] [                                                 ] c.n.d.provider.DiscoveryJerseyProvider   : Using JSON encoding codec LegacyJacksonJson
2026-07-25T20:04:16.370+02:00  INFO 1920 --- [Java Quest] [ixEureka.main()] [                                                 ] c.n.d.provider.DiscoveryJerseyProvider   : Using JSON decoding codec LegacyJacksonJson
2026-07-25T20:04:16.370+02:00  INFO 1920 --- [Java Quest] [ixEureka.main()] [                                                 ] c.n.d.provider.DiscoveryJerseyProvider   : Using XML encoding codec XStreamXml
2026-07-25T20:04:16.370+02:00  INFO 1920 --- [Java Quest] [ixEureka.main()] [                                                 ] c.n.d.provider.DiscoveryJerseyProvider   : Using XML decoding codec XStreamXml
2026-07-25T20:04:16.590+02:00  INFO 1920 --- [Java Quest] [      Thread-22] [                                                 ] o.s.c.n.e.server.EurekaServerBootstrap   : isAws returned false
2026-07-25T20:04:16.590+02:00  INFO 1920 --- [Java Quest] [      Thread-22] [                                                 ] o.s.c.n.e.server.EurekaServerBootstrap   : Initialized server context
2026-07-25T20:04:16.594+02:00  INFO 1920 --- [Java Quest] [ixEureka.main()] [                                                 ] .s.c.n.e.s.EurekaAutoServiceRegistration : Updating port to 57654
2026-07-25T20:04:16.595+02:00  INFO 1920 --- [Java Quest] [ixEureka.main()] [                                                 ] o.s.c.n.e.s.EurekaServiceRegistry        : Registering application JAVA QUEST with eureka with status UP
2026-07-25T20:04:16.596+02:00  INFO 1920 --- [Java Quest] [ixEureka.main()] [                                                 ] com.netflix.discovery.DiscoveryClient    : Saw local status change event StatusChangeEvent [timestamp=1785002656596, current=UP, previous=STARTING]
2026-07-25T20:04:16.596+02:00 DEBUG 1920 --- [Java Quest] [foReplicator-%d] [                                                 ] c.n.discovery.InstanceInfoReplicator     : Executing on-demand update of local InstanceInfo
2026-07-25T20:04:16.597+02:00 DEBUG 1920 --- [Java Quest] [foReplicator-%d] [                                                 ] c.n.discovery.InstanceInfoReplicator     : Canceling the latest scheduled update, it will be rescheduled at the end of on demand update
2026-07-25T20:04:16.598+02:00  INFO 1920 --- [Java Quest] [foReplicator-%d] [                                                 ] com.netflix.discovery.DiscoveryClient    : DiscoveryClient_JAVA QUEST/host.docker.internal:Java Quest:0: registering service...
2026-07-25T20:04:16.598+02:00 DEBUG 1920 --- [Java Quest] [foReplicator-%d] [                                                 ] c.n.d.s.t.d.SessionedEurekaHttpClient    : Ending a session and starting anew
2026-07-25T20:04:16.619+02:00  WARN 1920 --- [Java Quest] [ixEureka.main()] [                                                 ] o.s.core.events.SpringDocAppInitializer  : SpringDoc /v3/api-docs endpoint is enabled by default. To disable it in production, set the property 'springdoc.api-docs.enabled=false'
2026-07-25T20:04:16.620+02:00  WARN 1920 --- [Java Quest] [ixEureka.main()] [                                                 ] o.s.core.events.SpringDocAppInitializer  : SpringDoc /swagger-ui.html endpoint is enabled by default. To disable it in production, set the property 'springdoc.swagger-ui.enabled=false'

  .   ____          _            __ _ _
 /\\ / ___'_ __ _ _(_)_ __  __ _ \ \ \ \
( ( )\___ | '_ | '_| | '_ \/ _` | \ \ \ \
 \\/  ___)| |_)| | | | | || (_| |  ) ) ) )
  '  |____| .__|_| |_|_| |_\__, | / / / /
 =========|_|==============|___/=/_/_/_/

 :: Spring Boot ::                (v3.4.4)

2026-07-25T20:04:16.694+02:00 DEBUG 1920 --- [Java Quest] [o-auto-1-exec-2] [6a64faa0997886ce0f7b36a2f0a0756e-0f7b36a2f0a0756e] c.n.d.util.DeserializerStringCache       : clearing global-level cache with size 0
2026-07-25T20:04:16.695+02:00 DEBUG 1920 --- [Java Quest] [o-auto-1-exec-2] [6a64faa0997886ce0f7b36a2f0a0756e-0f7b36a2f0a0756e] c.n.d.util.DeserializerStringCache       : clearing app-level serialization cache with size 7
2026-07-25T20:04:16.712+02:00 DEBUG 1920 --- [Java Quest] [o-auto-1-exec-2] [6a64faa0997886ce0f7b36a2f0a0756e-0f7b36a2f0a0756e] o.s.c.n.eureka.server.InstanceRegistry   : registered JAVA QUEST, vip Java Quest, leaseDuration 90, isReplication false
2026-07-25T20:04:16.716+02:00 DEBUG 1920 --- [Java Quest] [foReplicator-%d] [                                                 ] .d.s.t.j.AbstractJersey3EurekaHttpClient : Jersey3 HTTP POST http://localhost:58262/eureka//apps/JAVA QUEST with instance host.docker.internal:Java Quest:0; statusCode=204
2026-07-25T20:04:16.717+02:00 DEBUG 1920 --- [Java Quest] [foReplicator-%d] [                                                 ] c.n.d.s.t.d.RedirectingEurekaHttpClient  : Pinning to endpoint null
2026-07-25T20:04:16.717+02:00  INFO 1920 --- [Java Quest] [foReplicator-%d] [                                                 ] com.netflix.discovery.DiscoveryClient    : DiscoveryClient_JAVA QUEST/host.docker.internal:Java Quest:0 - registration status: 204
2026-07-25T20:04:17.316+02:00 ERROR 1920 --- [Java Quest] [get_localhost-6] [                                                 ] c.n.e.cluster.ReplicationTaskProcessor   : Network level connection to peer localhost; retrying after delay

jakarta.ws.rs.ProcessingException: org.apache.http.conn.HttpHostConnectException: Connect to localhost:8761 [localhost/127.0.0.1, localhost/0:0:0:0:0:0:0:1] failed: Connection refused: getsockopt
	at org.glassfish.jersey.apache.connector.ApacheConnector.apply(ApacheConnector.java:534) ~[jersey-apache-connector-3.1.10.jar:na]
	at org.glassfish.jersey.client.ClientRuntime.invoke(ClientRuntime.java:300) ~[jersey-client-3.1.10.jar:na]
	at org.glassfish.jersey.client.JerseyInvocation.lambda$invoke$0(JerseyInvocation.java:674) ~[jersey-client-3.1.10.jar:na]
	at org.glassfish.jersey.client.JerseyInvocation.call(JerseyInvocation.java:709) ~[jersey-client-3.1.10.jar:na]
	at org.glassfish.jersey.client.JerseyInvocation.lambda$runInScope$3(JerseyInvocation.java:703) ~[jersey-client-3.1.10.jar:na]
	at org.glassfish.jersey.internal.Errors.process(Errors.java:292) ~[jersey-common-3.1.10.jar:na]
	at org.glassfish.jersey.internal.Errors.process(Errors.java:274) ~[jersey-common-3.1.10.jar:na]
	at org.glassfish.jersey.internal.Errors.process(Errors.java:205) ~[jersey-common-3.1.10.jar:na]
	at org.glassfish.jersey.process.internal.RequestScope.runInScope(RequestScope.java:391) ~[jersey-common-3.1.10.jar:na]
	at org.glassfish.jersey.client.JerseyInvocation.runInScope(JerseyInvocation.java:703) ~[jersey-client-3.1.10.jar:na]
	at org.glassfish.jersey.client.JerseyInvocation.invoke(JerseyInvocation.java:673) ~[jersey-client-3.1.10.jar:na]
	at org.glassfish.jersey.client.JerseyInvocation$Builder.method(JerseyInvocation.java:439) ~[jersey-client-3.1.10.jar:na]
	at org.glassfish.jersey.client.JerseyInvocation$Builder.post(JerseyInvocation.java:345) ~[jersey-client-3.1.10.jar:na]
	at com.netflix.eureka.transport.Jersey3ReplicationClient.submitBatchUpdates(Jersey3ReplicationClient.java:116) ~[eureka-core-jersey3-2.0.4.jar:2.0.4]
	at com.netflix.eureka.cluster.ReplicationTaskProcessor.process(ReplicationTaskProcessor.java:80) ~[eureka-core-2.0.4.jar:2.0.4]
	at com.netflix.eureka.util.batcher.TaskExecutors$BatchWorkerRunnable.run(TaskExecutors.java:178) ~[eureka-core-2.0.4.jar:2.0.4]
	at java.base/java.lang.Thread.run(Thread.java:1474) ~[na:na]
Caused by: org.apache.http.conn.HttpHostConnectException: Connect to localhost:8761 [localhost/127.0.0.1, localhost/0:0:0:0:0:0:0:1] failed: Connection refused: getsockopt
	at org.apache.http.impl.conn.DefaultHttpClientConnectionOperator.connect(DefaultHttpClientConnectionOperator.java:156) ~[httpclient-4.5.14.jar:4.5.14]
	at org.apache.http.impl.conn.PoolingHttpClientConnectionManager.connect(PoolingHttpClientConnectionManager.java:376) ~[httpclient-4.5.14.jar:4.5.14]
	at org.apache.http.impl.execchain.MainClientExec.establishRoute(MainClientExec.java:393) ~[httpclient-4.5.14.jar:4.5.14]
	at org.apache.http.impl.execchain.MainClientExec.execute(MainClientExec.java:236) ~[httpclient-4.5.14.jar:4.5.14]
	at org.apache.http.impl.execchain.ProtocolExec.execute(ProtocolExec.java:186) ~[httpclient-4.5.14.jar:4.5.14]
	at org.apache.http.impl.execchain.RetryExec.execute(RetryExec.java:89) ~[httpclient-4.5.14.jar:4.5.14]
	at org.apache.http.impl.execchain.RedirectExec.execute(RedirectExec.java:110) ~[httpclient-4.5.14.jar:4.5.14]
	at org.apache.http.impl.client.InternalHttpClient.doExecute(InternalHttpClient.java:185) ~[httpclient-4.5.14.jar:4.5.14]
	at org.apache.http.impl.client.CloseableHttpClient.execute(CloseableHttpClient.java:72) ~[httpclient-4.5.14.jar:4.5.14]
	at org.glassfish.jersey.apache.connector.ApacheConnector.apply(ApacheConnector.java:486) ~[jersey-apache-connector-3.1.10.jar:na]
	... 16 common frames omitted
Caused by: java.net.ConnectException: Connection refused: getsockopt
	at java.base/sun.nio.ch.Net.pollConnect(Native Method) ~[na:na]
	at java.base/sun.nio.ch.Net.pollConnectNow(Net.java:639) ~[na:na]
	at java.base/sun.nio.ch.NioSocketImpl.timedFinishConnect(NioSocketImpl.java:543) ~[na:na]
	at java.base/sun.nio.ch.NioSocketImpl.connect(NioSocketImpl.java:594) ~[na:na]
	at java.base/java.net.SocksSocketImpl.connect(SocksSocketImpl.java:284) ~[na:na]
	at java.base/java.net.Socket.connect(Socket.java:659) ~[na:na]
	at org.apache.http.conn.socket.PlainConnectionSocketFactory.connectSocket(PlainConnectionSocketFactory.java:75) ~[httpclient-4.5.14.jar:4.5.14]
	at org.apache.http.impl.conn.DefaultHttpClientConnectionOperator.connect(DefaultHttpClientConnectionOperator.java:142) ~[httpclient-4.5.14.jar:4.5.14]
	... 25 common frames omitted

2026-07-25T20:04:17.331+02:00  INFO 1920 --- [Java Quest] [reshExecutor-%d] [                                                 ] com.netflix.discovery.DiscoveryClient    : Disable delta property : false
2026-07-25T20:04:17.331+02:00  INFO 1920 --- [Java Quest] [reshExecutor-%d] [                                                 ] com.netflix.discovery.DiscoveryClient    : Single vip registry refresh property : null
2026-07-25T20:04:17.331+02:00  INFO 1920 --- [Java Quest] [reshExecutor-%d] [                                                 ] com.netflix.discovery.DiscoveryClient    : Force full registry fetch : false
2026-07-25T20:04:17.331+02:00  INFO 1920 --- [Java Quest] [reshExecutor-%d] [                                                 ] com.netflix.discovery.DiscoveryClient    : Application is null : false
2026-07-25T20:04:17.331+02:00  INFO 1920 --- [Java Quest] [reshExecutor-%d] [                                                 ] com.netflix.discovery.DiscoveryClient    : Registered Applications size is zero : true
2026-07-25T20:04:17.331+02:00  INFO 1920 --- [Java Quest] [reshExecutor-%d] [                                                 ] com.netflix.discovery.DiscoveryClient    : Application version is -1: false
2026-07-25T20:04:17.331+02:00  INFO 1920 --- [Java Quest] [reshExecutor-%d] [                                                 ] com.netflix.discovery.DiscoveryClient    : Getting all instance registry info from the eureka server
2026-07-25T20:04:17.339+02:00 DEBUG 1920 --- [Java Quest] [reshExecutor-%d] [                                                 ] c.n.d.util.DeserializerStringCache       : clearing global-level cache with size 0
2026-07-25T20:04:17.339+02:00 DEBUG 1920 --- [Java Quest] [reshExecutor-%d] [                                                 ] c.n.d.util.DeserializerStringCache       : clearing app-level serialization cache with size 7
2026-07-25T20:04:17.339+02:00 DEBUG 1920 --- [Java Quest] [reshExecutor-%d] [                                                 ] .d.s.t.j.AbstractJersey3EurekaHttpClient : Jersey3 HTTP GET http://localhost:58262/eureka//apps/; statusCode=200
2026-07-25T20:04:17.339+02:00  INFO 1920 --- [Java Quest] [reshExecutor-%d] [                                                 ] com.netflix.discovery.DiscoveryClient    : The response status is 200
2026-07-25T20:04:17.340+02:00 DEBUG 1920 --- [Java Quest] [reshExecutor-%d] [                                                 ] com.netflix.discovery.DiscoveryClient    : Got full registry with apps hashcode UP_1_
2026-07-25T20:04:17.340+02:00 DEBUG 1920 --- [Java Quest] [reshExecutor-%d] [                                                 ] com.netflix.discovery.DiscoveryClient    : The total number of all instances in the client now is 1
2026-07-25T20:04:17.341+02:00 DEBUG 1920 --- [Java Quest] [reshExecutor-%d] [                                                 ] com.netflix.discovery.DiscoveryClient    : Completed cache refresh task for discovery. All Apps hash code is Local region apps hashcode: UP_1_, is fetching remote regions? false 
2026-07-25T20:04:17.346+02:00 DEBUG 1920 --- [Java Quest] [o-auto-1-exec-4] [6a64faa1d41ce986584d0a19f80d7438-584d0a19f80d7438] o.s.c.n.eureka.server.InstanceRegistry   : renewed JAVA QUEST, serverId host.docker.internal:Java Quest:0, isReplication false
2026-07-25T20:04:17.349+02:00 DEBUG 1920 --- [Java Quest] [beatExecutor-%d] [                                                 ] .d.s.t.j.AbstractJersey3EurekaHttpClient : Jersey3 HTTP PUT http://localhost:58262/eureka//apps/JAVA QUEST/host.docker.internal:Java Quest:0; statusCode=200
2026-07-25T20:04:17.349+02:00 DEBUG 1920 --- [Java Quest] [beatExecutor-%d] [                                                 ] com.netflix.discovery.DiscoveryClient    : DiscoveryClient_JAVA QUEST/host.docker.internal:Java Quest:0 - Heartbeat status: 200
2026-07-25T20:04:17.644+02:00 DEBUG 1920 --- [Java Quest] [ixEureka.main()] [                                                 ] .c.n.e.s.EurekaServerAutoConfiguration$1 : Filter 'eurekaVersionFilterRegistration' configured for use
2026-07-25T20:04:17.684+02:00  INFO 1920 --- [Java Quest] [ixEureka.main()] [                                                 ] c.n.d.provider.DiscoveryJerseyProvider   : Using JSON encoding codec LegacyJacksonJson
2026-07-25T20:04:17.684+02:00  INFO 1920 --- [Java Quest] [ixEureka.main()] [                                                 ] c.n.d.provider.DiscoveryJerseyProvider   : Using JSON decoding codec LegacyJacksonJson
2026-07-25T20:04:17.684+02:00  INFO 1920 --- [Java Quest] [ixEureka.main()] [                                                 ] c.n.d.provider.DiscoveryJerseyProvider   : Using XML encoding codec XStreamXml
2026-07-25T20:04:17.684+02:00  INFO 1920 --- [Java Quest] [ixEureka.main()] [                                                 ] c.n.d.provider.DiscoveryJerseyProvider   : Using XML decoding codec XStreamXml
2026-07-25T20:04:18.348+02:00 DEBUG 1920 --- [Java Quest] [reshExecutor-%d] [                                                 ] c.n.d.util.DeserializerStringCache       : clearing global-level cache with size 0
2026-07-25T20:04:18.348+02:00 DEBUG 1920 --- [Java Quest] [reshExecutor-%d] [                                                 ] c.n.d.util.DeserializerStringCache       : clearing app-level serialization cache with size 7
2026-07-25T20:04:18.348+02:00 DEBUG 1920 --- [Java Quest] [reshExecutor-%d] [                                                 ] .d.s.t.j.AbstractJersey3EurekaHttpClient : Jersey3 HTTP GET http://localhost:58262/eureka//apps/delta; statusCode=200
2026-07-25T20:04:18.348+02:00 DEBUG 1920 --- [Java Quest] [reshExecutor-%d] [                                                 ] com.netflix.discovery.DiscoveryClient    : Got delta update with apps hashcode UP_1_
2026-07-25T20:04:18.348+02:00 DEBUG 1920 --- [Java Quest] [reshExecutor-%d] [                                                 ] com.netflix.discovery.DiscoveryClient    : Added instance host.docker.internal:Java Quest:0 to the existing apps in region null
2026-07-25T20:04:18.348+02:00 DEBUG 1920 --- [Java Quest] [reshExecutor-%d] [                                                 ] com.netflix.discovery.DiscoveryClient    : The total number of instances fetched by the delta processor : 1
2026-07-25T20:04:18.348+02:00 DEBUG 1920 --- [Java Quest] [reshExecutor-%d] [                                                 ] com.netflix.discovery.DiscoveryClient    : The total number of all instances in the client now is 1
2026-07-25T20:04:18.349+02:00 DEBUG 1920 --- [Java Quest] [reshExecutor-%d] [                                                 ] com.netflix.discovery.DiscoveryClient    : Completed cache refresh task for discovery. All Apps hash code is Local region apps hashcode: UP_1_, is fetching remote regions? false 
2026-07-25T20:04:18.353+02:00 DEBUG 1920 --- [Java Quest] [o-auto-1-exec-8] [6a64faa20a805e48216f73dbb2a1a426-216f73dbb2a1a426] o.s.c.n.eureka.server.InstanceRegistry   : renewed JAVA QUEST, serverId host.docker.internal:Java Quest:0, isReplication false
2026-07-25T20:04:18.354+02:00 DEBUG 1920 --- [Java Quest] [beatExecutor-%d] [                                                 ] .d.s.t.j.AbstractJersey3EurekaHttpClient : Jersey3 HTTP PUT http://localhost:58262/eureka//apps/JAVA QUEST/host.docker.internal:Java Quest:0; statusCode=200
2026-07-25T20:04:18.354+02:00 DEBUG 1920 --- [Java Quest] [beatExecutor-%d] [                                                 ] com.netflix.discovery.DiscoveryClient    : DiscoveryClient_JAVA QUEST/host.docker.internal:Java Quest:0 - Heartbeat status: 200
2026-07-25T20:04:19.182+02:00  INFO 1920 --- [Java Quest] [ixEureka.main()] [                                                 ] o.s.c.n.eureka.InstanceInfoFactory       : Setting initial instance status as: STARTING
2026-07-25T20:04:19.185+02:00  INFO 1920 --- [Java Quest] [ixEureka.main()] [                                                 ] com.netflix.discovery.DiscoveryClient    : Initializing Eureka in region us-east-1
2026-07-25T20:04:19.187+02:00  INFO 1920 --- [Java Quest] [ixEureka.main()] [                                                 ] c.n.d.provider.DiscoveryJerseyProvider   : Using JSON encoding codec LegacyJacksonJson
2026-07-25T20:04:19.188+02:00  INFO 1920 --- [Java Quest] [ixEureka.main()] [                                                 ] c.n.d.provider.DiscoveryJerseyProvider   : Using JSON decoding codec LegacyJacksonJson
2026-07-25T20:04:19.188+02:00  INFO 1920 --- [Java Quest] [ixEureka.main()] [                                                 ] c.n.d.provider.DiscoveryJerseyProvider   : Using XML encoding codec XStreamXml
2026-07-25T20:04:19.188+02:00  INFO 1920 --- [Java Quest] [ixEureka.main()] [                                                 ] c.n.d.provider.DiscoveryJerseyProvider   : Using XML decoding codec XStreamXml
2026-07-25T20:04:19.189+02:00  INFO 1920 --- [Java Quest] [ixEureka.main()] [                                                 ] c.n.d.s.r.aws.ConfigClusterResolver      : Resolving eureka endpoints via configuration
2026-07-25T20:04:19.189+02:00 DEBUG 1920 --- [Java Quest] [ixEureka.main()] [                                                 ] c.n.discovery.endpoint.EndpointUtils     : The availability zone for the given region us-east-1 are [defaultZone]
2026-07-25T20:04:19.190+02:00 DEBUG 1920 --- [Java Quest] [ixEureka.main()] [                                                 ] c.n.d.s.r.aws.ConfigClusterResolver      : Config resolved to [AwsEndpoint{ serviceUrl='http://localhost:58262/eureka/', region='us-east-1', zone='defaultZone'}]
2026-07-25T20:04:19.190+02:00 DEBUG 1920 --- [Java Quest] [ixEureka.main()] [                                                 ] c.n.d.s.r.a.ZoneAffinityClusterResolver  : Local zone=defaultZone; resolved to: [AwsEndpoint{ serviceUrl='http://localhost:58262/eureka/', region='us-east-1', zone='defaultZone'}]
2026-07-25T20:04:19.190+02:00  INFO 1920 --- [Java Quest] [ixEureka.main()] [                                                 ] com.netflix.discovery.DiscoveryClient    : Disable delta property : false
2026-07-25T20:04:19.190+02:00  INFO 1920 --- [Java Quest] [ixEureka.main()] [                                                 ] com.netflix.discovery.DiscoveryClient    : Single vip registry refresh property : null
2026-07-25T20:04:19.190+02:00  INFO 1920 --- [Java Quest] [ixEureka.main()] [                                                 ] com.netflix.discovery.DiscoveryClient    : Force full registry fetch : false
2026-07-25T20:04:19.190+02:00  INFO 1920 --- [Java Quest] [ixEureka.main()] [                                                 ] com.netflix.discovery.DiscoveryClient    : Application is null : false
2026-07-25T20:04:19.190+02:00  INFO 1920 --- [Java Quest] [ixEureka.main()] [                                                 ] com.netflix.discovery.DiscoveryClient    : Registered Applications size is zero : true
2026-07-25T20:04:19.190+02:00  INFO 1920 --- [Java Quest] [ixEureka.main()] [                                                 ] com.netflix.discovery.DiscoveryClient    : Application version is -1: true
2026-07-25T20:04:19.190+02:00  INFO 1920 --- [Java Quest] [ixEureka.main()] [                                                 ] com.netflix.discovery.DiscoveryClient    : Getting all instance registry info from the eureka server
2026-07-25T20:04:19.190+02:00 DEBUG 1920 --- [Java Quest] [ixEureka.main()] [                                                 ] c.n.d.s.t.d.SessionedEurekaHttpClient    : Ending a session and starting anew
2026-07-25T20:04:19.208+02:00 DEBUG 1920 --- [Java Quest] [ixEureka.main()] [                                                 ] c.n.d.util.DeserializerStringCache       : clearing global-level cache with size 0
2026-07-25T20:04:19.208+02:00 DEBUG 1920 --- [Java Quest] [ixEureka.main()] [                                                 ] c.n.d.util.DeserializerStringCache       : clearing app-level serialization cache with size 7
2026-07-25T20:04:19.208+02:00 DEBUG 1920 --- [Java Quest] [ixEureka.main()] [                                                 ] .d.s.t.j.AbstractJersey3EurekaHttpClient : Jersey3 HTTP GET http://localhost:58262/eureka//apps/; statusCode=200
2026-07-25T20:04:19.208+02:00 DEBUG 1920 --- [Java Quest] [ixEureka.main()] [                                                 ] c.n.d.s.t.d.RedirectingEurekaHttpClient  : Pinning to endpoint null
2026-07-25T20:04:19.208+02:00  INFO 1920 --- [Java Quest] [ixEureka.main()] [                                                 ] com.netflix.discovery.DiscoveryClient    : The response status is 200
2026-07-25T20:04:19.208+02:00 DEBUG 1920 --- [Java Quest] [ixEureka.main()] [                                                 ] com.netflix.discovery.DiscoveryClient    : Got full registry with apps hashcode UP_1_
2026-07-25T20:04:19.209+02:00 DEBUG 1920 --- [Java Quest] [ixEureka.main()] [                                                 ] com.netflix.discovery.DiscoveryClient    : The total number of all instances in the client now is 1
2026-07-25T20:04:19.209+02:00  INFO 1920 --- [Java Quest] [ixEureka.main()] [                                                 ] com.netflix.discovery.DiscoveryClient    : Starting heartbeat executor: renew interval is: 1
2026-07-25T20:04:19.209+02:00  INFO 1920 --- [Java Quest] [ixEureka.main()] [                                                 ] c.n.discovery.InstanceInfoReplicator     : InstanceInfoReplicator onDemand update allowed rate per min is 4
2026-07-25T20:04:19.209+02:00  INFO 1920 --- [Java Quest] [ixEureka.main()] [                                                 ] com.netflix.discovery.DiscoveryClient    : Discovery Client initialized at timestamp 1785002659209 with initial instances count: 1
2026-07-25T20:04:19.240+02:00 DEBUG 1920 --- [Java Quest] [ixEureka.main()] [                                                 ] c.n.discovery.endpoint.EndpointUtils     : The availability zone for the given region us-east-1 are [defaultZone]
2026-07-25T20:04:19.241+02:00  INFO 1920 --- [Java Quest] [ixEureka.main()] [                                                 ] c.n.d.provider.DiscoveryJerseyProvider   : Using JSON encoding codec LegacyJacksonJson
2026-07-25T20:04:19.241+02:00  INFO 1920 --- [Java Quest] [ixEureka.main()] [                                                 ] c.n.d.provider.DiscoveryJerseyProvider   : Using JSON decoding codec LegacyJacksonJson
2026-07-25T20:04:19.241+02:00  INFO 1920 --- [Java Quest] [ixEureka.main()] [                                                 ] c.n.d.provider.DiscoveryJerseyProvider   : Using XML encoding codec XStreamXml
2026-07-25T20:04:19.241+02:00  INFO 1920 --- [Java Quest] [ixEureka.main()] [                                                 ] c.n.d.provider.DiscoveryJerseyProvider   : Using XML decoding codec XStreamXml
2026-07-25T20:04:19.354+02:00 DEBUG 1920 --- [Java Quest] [reshExecutor-%d] [                                                 ] c.n.d.util.DeserializerStringCache       : clearing global-level cache with size 0
2026-07-25T20:04:19.354+02:00 DEBUG 1920 --- [Java Quest] [reshExecutor-%d] [                                                 ] c.n.d.util.DeserializerStringCache       : clearing app-level serialization cache with size 7
2026-07-25T20:04:19.354+02:00 DEBUG 1920 --- [Java Quest] [reshExecutor-%d] [                                                 ] .d.s.t.j.AbstractJersey3EurekaHttpClient : Jersey3 HTTP GET http://localhost:58262/eureka//apps/delta; statusCode=200
2026-07-25T20:04:19.355+02:00 DEBUG 1920 --- [Java Quest] [reshExecutor-%d] [                                                 ] com.netflix.discovery.DiscoveryClient    : Got delta update with apps hashcode UP_1_
2026-07-25T20:04:19.355+02:00 DEBUG 1920 --- [Java Quest] [reshExecutor-%d] [                                                 ] com.netflix.discovery.DiscoveryClient    : Added instance host.docker.internal:Java Quest:0 to the existing apps in region null
2026-07-25T20:04:19.355+02:00 DEBUG 1920 --- [Java Quest] [reshExecutor-%d] [                                                 ] com.netflix.discovery.DiscoveryClient    : The total number of instances fetched by the delta processor : 1
2026-07-25T20:04:19.355+02:00 DEBUG 1920 --- [Java Quest] [reshExecutor-%d] [                                                 ] com.netflix.discovery.DiscoveryClient    : The total number of all instances in the client now is 1
2026-07-25T20:04:19.355+02:00 DEBUG 1920 --- [Java Quest] [reshExecutor-%d] [                                                 ] com.netflix.discovery.DiscoveryClient    : Completed cache refresh task for discovery. All Apps hash code is Local region apps hashcode: UP_1_, is fetching remote regions? false 
2026-07-25T20:04:19.358+02:00 DEBUG 1920 --- [Java Quest] [-auto-1-exec-10] [6a64faa386a70018aee4ec080b4f933b-aee4ec080b4f933b] o.s.c.n.eureka.server.InstanceRegistry   : renewed JAVA QUEST, serverId host.docker.internal:Java Quest:0, isReplication false
2026-07-25T20:04:19.359+02:00 DEBUG 1920 --- [Java Quest] [beatExecutor-%d] [                                                 ] .d.s.t.j.AbstractJersey3EurekaHttpClient : Jersey3 HTTP PUT http://localhost:58262/eureka//apps/JAVA QUEST/host.docker.internal:Java Quest:0; statusCode=200
2026-07-25T20:04:19.359+02:00 DEBUG 1920 --- [Java Quest] [beatExecutor-%d] [                                                 ] com.netflix.discovery.DiscoveryClient    : DiscoveryClient_JAVA QUEST/host.docker.internal:Java Quest:0 - Heartbeat status: 200
2026-07-25T20:04:19.370+02:00  INFO 1920 --- [Java Quest] [      Thread-33] [                                                 ] o.s.c.n.e.server.EurekaServerBootstrap   : isAws returned false
2026-07-25T20:04:19.371+02:00  INFO 1920 --- [Java Quest] [      Thread-33] [                                                 ] o.s.c.n.e.server.EurekaServerBootstrap   : Initialized server context
2026-07-25T20:04:19.371+02:00 DEBUG 1920 --- [Java Quest] [      Thread-33] [                                                 ] o.s.c.n.eureka.server.InstanceRegistry   : registered JAVA QUEST, vip Java Quest, leaseDuration 90, isReplication true
2026-07-25T20:04:19.372+02:00  INFO 1920 --- [Java Quest] [      Thread-33] [                                                 ] com.netflix.discovery.DiscoveryClient    : Saw local status change event StatusChangeEvent [timestamp=1785002659372, current=UP, previous=STARTING]
2026-07-25T20:04:19.372+02:00  INFO 1920 --- [Java Quest] [      Thread-33] [                                                 ] e.s.EurekaServerInitializerConfiguration : Started Eureka Server
2026-07-25T20:04:19.372+02:00 DEBUG 1920 --- [Java Quest] [foReplicator-%d] [                                                 ] c.n.discovery.InstanceInfoReplicator     : Executing on-demand update of local InstanceInfo
2026-07-25T20:04:19.372+02:00 DEBUG 1920 --- [Java Quest] [foReplicator-%d] [                                                 ] c.n.discovery.InstanceInfoReplicator     : Canceling the latest scheduled update, it will be rescheduled at the end of on demand update
2026-07-25T20:04:19.372+02:00  INFO 1920 --- [Java Quest] [foReplicator-%d] [                                                 ] com.netflix.discovery.DiscoveryClient    : DiscoveryClient_JAVA QUEST/host.docker.internal:Java Quest:0: registering service...
2026-07-25T20:04:19.372+02:00 DEBUG 1920 --- [Java Quest] [foReplicator-%d] [                                                 ] c.n.d.s.t.d.SessionedEurekaHttpClient    : Ending a session and starting anew
2026-07-25T20:04:19.373+02:00  INFO 1920 --- [Java Quest] [ixEureka.main()] [                                                 ] .s.c.n.e.s.EurekaAutoServiceRegistration : Updating port to 57684
2026-07-25T20:04:19.374+02:00  INFO 1920 --- [Java Quest] [ixEureka.main()] [                                                 ] o.s.c.n.e.s.EurekaServiceRegistry        : Registering application JAVA QUEST with eureka with status UP
2026-07-25T20:04:19.375+02:00 DEBUG 1920 --- [Java Quest] [o-auto-1-exec-5] [6a64faa35efd8b174fb985826d184b7f-4fb985826d184b7f] c.n.d.util.DeserializerStringCache       : clearing global-level cache with size 0
2026-07-25T20:04:19.375+02:00 DEBUG 1920 --- [Java Quest] [o-auto-1-exec-5] [6a64faa35efd8b174fb985826d184b7f-4fb985826d184b7f] c.n.d.util.DeserializerStringCache       : clearing app-level serialization cache with size 7
2026-07-25T20:04:19.376+02:00 DEBUG 1920 --- [Java Quest] [o-auto-1-exec-5] [6a64faa35efd8b174fb985826d184b7f-4fb985826d184b7f] o.s.c.n.eureka.server.InstanceRegistry   : registered JAVA QUEST, vip Java Quest, leaseDuration 90, isReplication false
2026-07-25T20:04:19.377+02:00 DEBUG 1920 --- [Java Quest] [foReplicator-%d] [                                                 ] .d.s.t.j.AbstractJersey3EurekaHttpClient : Jersey3 HTTP POST http://localhost:58262/eureka//apps/JAVA QUEST with instance host.docker.internal:Java Quest:0; statusCode=204
2026-07-25T20:04:19.377+02:00 DEBUG 1920 --- [Java Quest] [foReplicator-%d] [                                                 ] c.n.d.s.t.d.RedirectingEurekaHttpClient  : Pinning to endpoint null
2026-07-25T20:04:19.377+02:00  INFO 1920 --- [Java Quest] [foReplicator-%d] [                                                 ] com.netflix.discovery.DiscoveryClient    : DiscoveryClient_JAVA QUEST/host.docker.internal:Java Quest:0 - registration status: 204
2026-07-25T20:04:19.390+02:00  WARN 1920 --- [Java Quest] [ixEureka.main()] [                                                 ] o.s.core.events.SpringDocAppInitializer  : SpringDoc /v3/api-docs endpoint is enabled by default. To disable it in production, set the property 'springdoc.api-docs.enabled=false'
2026-07-25T20:04:19.390+02:00  WARN 1920 --- [Java Quest] [ixEureka.main()] [                                                 ] o.s.core.events.SpringDocAppInitializer  : SpringDoc /swagger-ui.html endpoint is enabled by default. To disable it in production, set the property 'springdoc.swagger-ui.enabled=false'

--- Oczekiwanie NA rejestracje 'orders-service' W rejestrze Eureki (bounded polling) ---
2026-07-25T20:04:20.216+02:00 DEBUG 1920 --- [Java Quest] [o-auto-1-exec-2] [6a64faa4fb5c4b4cf94bc54f6f10ad43-f94bc54f6f10ad43] o.s.c.n.eureka.server.InstanceRegistry   : renewed JAVA QUEST, serverId host.docker.internal:Java Quest:0, isReplication false
2026-07-25T20:04:20.218+02:00 DEBUG 1920 --- [Java Quest] [beatExecutor-%d] [                                                 ] .d.s.t.j.AbstractJersey3EurekaHttpClient : Jersey3 HTTP PUT http://localhost:58262/eureka//apps/JAVA QUEST/host.docker.internal:Java Quest:0; statusCode=200
2026-07-25T20:04:20.218+02:00 DEBUG 1920 --- [Java Quest] [beatExecutor-%d] [                                                 ] com.netflix.discovery.DiscoveryClient    : DiscoveryClient_JAVA QUEST/host.docker.internal:Java Quest:0 - Heartbeat status: 200
2026-07-25T20:04:20.219+02:00 DEBUG 1920 --- [Java Quest] [reshExecutor-%d] [                                                 ] c.n.d.util.DeserializerStringCache       : clearing global-level cache with size 0
2026-07-25T20:04:20.219+02:00 DEBUG 1920 --- [Java Quest] [reshExecutor-%d] [                                                 ] c.n.d.util.DeserializerStringCache       : clearing app-level serialization cache with size 7
2026-07-25T20:04:20.219+02:00 DEBUG 1920 --- [Java Quest] [reshExecutor-%d] [                                                 ] .d.s.t.j.AbstractJersey3EurekaHttpClient : Jersey3 HTTP GET http://localhost:58262/eureka//apps/delta; statusCode=200
2026-07-25T20:04:20.219+02:00 DEBUG 1920 --- [Java Quest] [reshExecutor-%d] [                                                 ] com.netflix.discovery.DiscoveryClient    : Got delta update with apps hashcode UP_1_
2026-07-25T20:04:20.219+02:00 DEBUG 1920 --- [Java Quest] [reshExecutor-%d] [                                                 ] com.netflix.discovery.DiscoveryClient    : Added instance host.docker.internal:Java Quest:0 to the existing apps in region null
2026-07-25T20:04:20.219+02:00 DEBUG 1920 --- [Java Quest] [reshExecutor-%d] [                                                 ] com.netflix.discovery.DiscoveryClient    : The total number of instances fetched by the delta processor : 1
2026-07-25T20:04:20.220+02:00 DEBUG 1920 --- [Java Quest] [reshExecutor-%d] [                                                 ] com.netflix.discovery.DiscoveryClient    : The total number of all instances in the client now is 1
2026-07-25T20:04:20.220+02:00 DEBUG 1920 --- [Java Quest] [reshExecutor-%d] [                                                 ] com.netflix.discovery.DiscoveryClient    : Completed cache refresh task for discovery. All Apps hash code is Local region apps hashcode: UP_1_, is fetching remote regions? false 
2026-07-25T20:04:20.363+02:00 DEBUG 1920 --- [Java Quest] [reshExecutor-%d] [                                                 ] c.n.d.util.DeserializerStringCache       : clearing global-level cache with size 0
2026-07-25T20:04:20.363+02:00 DEBUG 1920 --- [Java Quest] [reshExecutor-%d] [                                                 ] c.n.d.util.DeserializerStringCache       : clearing app-level serialization cache with size 7
2026-07-25T20:04:20.363+02:00 DEBUG 1920 --- [Java Quest] [reshExecutor-%d] [                                                 ] .d.s.t.j.AbstractJersey3EurekaHttpClient : Jersey3 HTTP GET http://localhost:58262/eureka//apps/delta; statusCode=200
2026-07-25T20:04:20.363+02:00 DEBUG 1920 --- [Java Quest] [reshExecutor-%d] [                                                 ] com.netflix.discovery.DiscoveryClient    : Got delta update with apps hashcode UP_1_
2026-07-25T20:04:20.363+02:00 DEBUG 1920 --- [Java Quest] [reshExecutor-%d] [                                                 ] com.netflix.discovery.DiscoveryClient    : Added instance host.docker.internal:Java Quest:0 to the existing apps in region null
2026-07-25T20:04:20.364+02:00 DEBUG 1920 --- [Java Quest] [reshExecutor-%d] [                                                 ] com.netflix.discovery.DiscoveryClient    : The total number of instances fetched by the delta processor : 1
2026-07-25T20:04:20.364+02:00 DEBUG 1920 --- [Java Quest] [reshExecutor-%d] [                                                 ] com.netflix.discovery.DiscoveryClient    : The total number of all instances in the client now is 1
2026-07-25T20:04:20.364+02:00 DEBUG 1920 --- [Java Quest] [reshExecutor-%d] [                                                 ] com.netflix.discovery.DiscoveryClient    : Completed cache refresh task for discovery. All Apps hash code is Local region apps hashcode: UP_1_, is fetching remote regions? false 
2026-07-25T20:04:20.366+02:00 DEBUG 1920 --- [Java Quest] [o-auto-1-exec-4] [6a64faa4807d72f173a7e9556fd74053-73a7e9556fd74053] o.s.c.n.eureka.server.InstanceRegistry   : renewed JAVA QUEST, serverId host.docker.internal:Java Quest:0, isReplication false
2026-07-25T20:04:20.371+02:00 DEBUG 1920 --- [Java Quest] [beatExecutor-%d] [                                                 ] .d.s.t.j.AbstractJersey3EurekaHttpClient : Jersey3 HTTP PUT http://localhost:58262/eureka//apps/JAVA QUEST/host.docker.internal:Java Quest:0; statusCode=200
2026-07-25T20:04:20.371+02:00 DEBUG 1920 --- [Java Quest] [beatExecutor-%d] [                                                 ] com.netflix.discovery.DiscoveryClient    : DiscoveryClient_JAVA QUEST/host.docker.internal:Java Quest:0 - Heartbeat status: 200
2026-07-25T20:04:21.221+02:00 DEBUG 1920 --- [Java Quest] [o-auto-1-exec-7] [6a64faa583db283e4fc8520365b77cec-4fc8520365b77cec] o.s.c.n.eureka.server.InstanceRegistry   : renewed JAVA QUEST, serverId host.docker.internal:Java Quest:0, isReplication false
2026-07-25T20:04:21.223+02:00 DEBUG 1920 --- [Java Quest] [beatExecutor-%d] [                                                 ] .d.s.t.j.AbstractJersey3EurekaHttpClient : Jersey3 HTTP PUT http://localhost:58262/eureka//apps/JAVA QUEST/host.docker.internal:Java Quest:0; statusCode=200
2026-07-25T20:04:21.223+02:00 DEBUG 1920 --- [Java Quest] [beatExecutor-%d] [                                                 ] com.netflix.discovery.DiscoveryClient    : DiscoveryClient_JAVA QUEST/host.docker.internal:Java Quest:0 - Heartbeat status: 200
2026-07-25T20:04:21.225+02:00 DEBUG 1920 --- [Java Quest] [reshExecutor-%d] [                                                 ] c.n.d.util.DeserializerStringCache       : clearing global-level cache with size 0
2026-07-25T20:04:21.225+02:00 DEBUG 1920 --- [Java Quest] [reshExecutor-%d] [                                                 ] c.n.d.util.DeserializerStringCache       : clearing app-level serialization cache with size 7
2026-07-25T20:04:21.225+02:00 DEBUG 1920 --- [Java Quest] [reshExecutor-%d] [                                                 ] .d.s.t.j.AbstractJersey3EurekaHttpClient : Jersey3 HTTP GET http://localhost:58262/eureka//apps/delta; statusCode=200
2026-07-25T20:04:21.225+02:00 DEBUG 1920 --- [Java Quest] [reshExecutor-%d] [                                                 ] com.netflix.discovery.DiscoveryClient    : Got delta update with apps hashcode UP_1_
2026-07-25T20:04:21.225+02:00 DEBUG 1920 --- [Java Quest] [reshExecutor-%d] [                                                 ] com.netflix.discovery.DiscoveryClient    : Added instance host.docker.internal:Java Quest:0 to the existing apps in region null
2026-07-25T20:04:21.225+02:00 DEBUG 1920 --- [Java Quest] [reshExecutor-%d] [                                                 ] com.netflix.discovery.DiscoveryClient    : The total number of instances fetched by the delta processor : 1
2026-07-25T20:04:21.225+02:00 DEBUG 1920 --- [Java Quest] [reshExecutor-%d] [                                                 ] com.netflix.discovery.DiscoveryClient    : The total number of all instances in the client now is 1
2026-07-25T20:04:21.226+02:00 DEBUG 1920 --- [Java Quest] [reshExecutor-%d] [                                                 ] com.netflix.discovery.DiscoveryClient    : Completed cache refresh task for discovery. All Apps hash code is Local region apps hashcode: UP_1_, is fetching remote regions? false 
2026-07-25T20:04:21.369+02:00 DEBUG 1920 --- [Java Quest] [reshExecutor-%d] [                                                 ] c.n.d.util.DeserializerStringCache       : clearing global-level cache with size 0
2026-07-25T20:04:21.370+02:00 DEBUG 1920 --- [Java Quest] [reshExecutor-%d] [                                                 ] c.n.d.util.DeserializerStringCache       : clearing app-level serialization cache with size 7
2026-07-25T20:04:21.370+02:00 DEBUG 1920 --- [Java Quest] [reshExecutor-%d] [                                                 ] .d.s.t.j.AbstractJersey3EurekaHttpClient : Jersey3 HTTP GET http://localhost:58262/eureka//apps/delta; statusCode=200
2026-07-25T20:04:21.370+02:00 DEBUG 1920 --- [Java Quest] [reshExecutor-%d] [                                                 ] com.netflix.discovery.DiscoveryClient    : Got delta update with apps hashcode UP_1_
2026-07-25T20:04:21.370+02:00 DEBUG 1920 --- [Java Quest] [reshExecutor-%d] [                                                 ] com.netflix.discovery.DiscoveryClient    : Added instance host.docker.internal:Java Quest:0 to the existing apps in region null
2026-07-25T20:04:21.370+02:00 DEBUG 1920 --- [Java Quest] [reshExecutor-%d] [                                                 ] com.netflix.discovery.DiscoveryClient    : The total number of instances fetched by the delta processor : 1
2026-07-25T20:04:21.370+02:00 DEBUG 1920 --- [Java Quest] [reshExecutor-%d] [                                                 ] com.netflix.discovery.DiscoveryClient    : The total number of all instances in the client now is 1
2026-07-25T20:04:21.370+02:00 DEBUG 1920 --- [Java Quest] [reshExecutor-%d] [                                                 ] com.netflix.discovery.DiscoveryClient    : Completed cache refresh task for discovery. All Apps hash code is Local region apps hashcode: UP_1_, is fetching remote regions? false 
2026-07-25T20:04:21.376+02:00 DEBUG 1920 --- [Java Quest] [o-auto-1-exec-6] [6a64faa57feabc456a6f2065adab2d85-6a6f2065adab2d85] o.s.c.n.eureka.server.InstanceRegistry   : renewed JAVA QUEST, serverId host.docker.internal:Java Quest:0, isReplication false
2026-07-25T20:04:21.377+02:00 DEBUG 1920 --- [Java Quest] [beatExecutor-%d] [                                                 ] .d.s.t.j.AbstractJersey3EurekaHttpClient : Jersey3 HTTP PUT http://localhost:58262/eureka//apps/JAVA QUEST/host.docker.internal:Java Quest:0; statusCode=200
2026-07-25T20:04:21.378+02:00 DEBUG 1920 --- [Java Quest] [beatExecutor-%d] [                                                 ] com.netflix.discovery.DiscoveryClient    : DiscoveryClient_JAVA QUEST/host.docker.internal:Java Quest:0 - Heartbeat status: 200
2026-07-25T20:04:21.635+02:00  WARN 1920 --- [Java Quest] [/api/v2/spans}}] [                                                 ] z.r.i.AsyncReporter$BoundedAsyncReporter : Spans were dropped due to exceptions. All subsequent errors will be logged at FINE level.
2026-07-25T20:04:21.636+02:00  WARN 1920 --- [Java Quest] [/api/v2/spans}}] [                                                 ] z.r.i.AsyncReporter$BoundedAsyncReporter : Dropped 1 spans due to WebClientRequestException(Connection refused: getsockopt: localhost/127.0.0.1:9411)

org.springframework.web.reactive.function.client.WebClientRequestException: Connection refused: getsockopt: localhost/127.0.0.1:9411
	at org.springframework.web.reactive.function.client.ExchangeFunctions$DefaultExchangeFunction.lambda$wrapException$9(ExchangeFunctions.java:137) ~[spring-webflux-6.2.5.jar:6.2.5]
	Suppressed: reactor.core.publisher.FluxOnAssembly$OnAssemblyException: 
Error has been observed at the following site(s):
	*__checkpoint ⇢ Request to POST http://localhost:9411/api/v2/spans [DefaultWebClient]
Original Stack Trace:
		at org.springframework.web.reactive.function.client.ExchangeFunctions$DefaultExchangeFunction.lambda$wrapException$9(ExchangeFunctions.java:137) ~[spring-webflux-6.2.5.jar:6.2.5]
		at reactor.core.publisher.MonoErrorSupplied.subscribe(MonoErrorSupplied.java:55) ~[reactor-core-3.7.4.jar:3.7.4]
		at reactor.core.publisher.Mono.subscribe(Mono.java:4576) ~[reactor-core-3.7.4.jar:3.7.4]
		at reactor.core.publisher.FluxOnErrorResume$ResumeSubscriber.onError(FluxOnErrorResume.java:103) ~[reactor-core-3.7.4.jar:3.7.4]
		at reactor.core.publisher.FluxPeek$PeekSubscriber.onError(FluxPeek.java:222) ~[reactor-core-3.7.4.jar:3.7.4]
		at reactor.core.publisher.FluxPeek$PeekSubscriber.onError(FluxPeek.java:222) ~[reactor-core-3.7.4.jar:3.7.4]
		at reactor.core.publisher.FluxPeek$PeekSubscriber.onError(FluxPeek.java:222) ~[reactor-core-3.7.4.jar:3.7.4]
		at reactor.core.publisher.MonoNext$NextSubscriber.onError(MonoNext.java:93) ~[reactor-core-3.7.4.jar:3.7.4]
		at reactor.core.publisher.MonoFlatMapMany$FlatMapManyMain.onError(MonoFlatMapMany.java:205) ~[reactor-core-3.7.4.jar:3.7.4]
		at reactor.core.publisher.SerializedSubscriber.onError(SerializedSubscriber.java:124) ~[reactor-core-3.7.4.jar:3.7.4]
		at reactor.core.publisher.FluxRetryWhen$RetryWhenMainSubscriber.whenError(FluxRetryWhen.java:229) ~[reactor-core-3.7.4.jar:3.7.4]
		at reactor.core.publisher.FluxRetryWhen$RetryWhenOtherSubscriber.onError(FluxRetryWhen.java:279) ~[reactor-core-3.7.4.jar:3.7.4]
		at reactor.core.publisher.FluxContextWrite$ContextWriteSubscriber.onError(FluxContextWrite.java:121) ~[reactor-core-3.7.4.jar:3.7.4]
		at reactor.core.publisher.FluxConcatMapNoPrefetch$FluxConcatMapNoPrefetchSubscriber.maybeOnError(FluxConcatMapNoPrefetch.java:327) ~[reactor-core-3.7.4.jar:3.7.4]
		at reactor.core.publisher.FluxConcatMapNoPrefetch$FluxConcatMapNoPrefetchSubscriber.onNext(FluxConcatMapNoPrefetch.java:212) ~[reactor-core-3.7.4.jar:3.7.4]
		at reactor.core.publisher.FluxContextWrite$ContextWriteSubscriber.onNext(FluxContextWrite.java:107) ~[reactor-core-3.7.4.jar:3.7.4]
		at reactor.core.publisher.SinkManyEmitterProcessor.drain(SinkManyEmitterProcessor.java:476) ~[reactor-core-3.7.4.jar:3.7.4]
		at reactor.core.publisher.SinkManyEmitterProcessor$EmitterInner.drainParent(SinkManyEmitterProcessor.java:620) ~[reactor-core-3.7.4.jar:3.7.4]
		at reactor.core.publisher.FluxPublish$PubSubInner.request(FluxPublish.java:874) ~[reactor-core-3.7.4.jar:3.7.4]
		at reactor.core.publisher.FluxContextWrite$ContextWriteSubscriber.request(FluxContextWrite.java:136) ~[reactor-core-3.7.4.jar:3.7.4]
		at reactor.core.publisher.FluxConcatMapNoPrefetch$FluxConcatMapNoPrefetchSubscriber.request(FluxConcatMapNoPrefetch.java:337) ~[reactor-core-3.7.4.jar:3.7.4]
		at reactor.core.publisher.FluxContextWrite$ContextWriteSubscriber.request(FluxContextWrite.java:136) ~[reactor-core-3.7.4.jar:3.7.4]
		at reactor.core.publisher.Operators$DeferredSubscription.request(Operators.java:1743) ~[reactor-core-3.7.4.jar:3.7.4]
		at reactor.core.publisher.FluxRetryWhen$RetryWhenMainSubscriber.onError(FluxRetryWhen.java:196) ~[reactor-core-3.7.4.jar:3.7.4]
		at reactor.core.publisher.MonoCreate$DefaultMonoSink.error(MonoCreate.java:205) ~[reactor-core-3.7.4.jar:3.7.4]
		at reactor.netty.http.client.HttpClientConnect$MonoHttpConnect$ClientTransportSubscriber.onError(HttpClientConnect.java:323) ~[reactor-netty-http-1.2.4.jar:1.2.4]
		at reactor.core.publisher.MonoCreate$DefaultMonoSink.error(MonoCreate.java:205) ~[reactor-core-3.7.4.jar:3.7.4]
		at reactor.netty.resources.DefaultPooledConnectionProvider$DisposableAcquire.onError(DefaultPooledConnectionProvider.java:174) ~[reactor-netty-core-1.2.4.jar:1.2.4]
		at reactor.netty.internal.shaded.reactor.pool.AbstractPool$Borrower.fail(AbstractPool.java:479) ~[reactor-netty-core-1.2.4.jar:1.2.4]
		at reactor.netty.internal.shaded.reactor.pool.SimpleDequePool.lambda$drainLoop$9(SimpleDequePool.java:443) ~[reactor-netty-core-1.2.4.jar:1.2.4]
		at reactor.core.publisher.FluxDoOnEach$DoOnEachSubscriber.onError(FluxDoOnEach.java:186) ~[reactor-core-3.7.4.jar:3.7.4]
		at reactor.core.publisher.MonoCreate$DefaultMonoSink.error(MonoCreate.java:205) ~[reactor-core-3.7.4.jar:3.7.4]
		at reactor.netty.resources.DefaultPooledConnectionProvider$PooledConnectionAllocator$PooledConnectionInitializer.onError(DefaultPooledConnectionProvider.java:593) ~[reactor-netty-core-1.2.4.jar:1.2.4]
		at reactor.core.publisher.MonoFlatMap$FlatMapMain.secondError(MonoFlatMap.java:241) ~[reactor-core-3.7.4.jar:3.7.4]
		at reactor.core.publisher.MonoFlatMap$FlatMapInner.onError(MonoFlatMap.java:315) ~[reactor-core-3.7.4.jar:3.7.4]
		at reactor.core.publisher.FluxOnErrorResume$ResumeSubscriber.onError(FluxOnErrorResume.java:106) ~[reactor-core-3.7.4.jar:3.7.4]
		at reactor.core.publisher.Operators.error(Operators.java:198) ~[reactor-core-3.7.4.jar:3.7.4]
		at reactor.core.publisher.MonoError.subscribe(MonoError.java:53) ~[reactor-core-3.7.4.jar:3.7.4]
		at reactor.core.publisher.Mono.subscribe(Mono.java:4576) ~[reactor-core-3.7.4.jar:3.7.4]
		at reactor.core.publisher.FluxOnErrorResume$ResumeSubscriber.onError(FluxOnErrorResume.java:103) ~[reactor-core-3.7.4.jar:3.7.4]
		at reactor.netty.transport.TransportConnector$MonoChannelPromise.tryFailure(TransportConnector.java:576) ~[reactor-netty-core-1.2.4.jar:1.2.4]
		at reactor.netty.transport.TransportConnector$MonoChannelPromise.setFailure(TransportConnector.java:522) ~[reactor-netty-core-1.2.4.jar:1.2.4]
		at reactor.netty.transport.TransportConnector.lambda$doConnect$7(TransportConnector.java:261) ~[reactor-netty-core-1.2.4.jar:1.2.4]
		at io.netty.util.concurrent.DefaultPromise.notifyListener0(DefaultPromise.java:590) ~[netty-common-4.1.119.Final.jar:4.1.119.Final]
		at io.netty.util.concurrent.DefaultPromise.notifyListeners0(DefaultPromise.java:583) ~[netty-common-4.1.119.Final.jar:4.1.119.Final]
		at io.netty.util.concurrent.DefaultPromise.notifyListenersNow(DefaultPromise.java:559) ~[netty-common-4.1.119.Final.jar:4.1.119.Final]
		at io.netty.util.concurrent.DefaultPromise.notifyListeners(DefaultPromise.java:492) ~[netty-common-4.1.119.Final.jar:4.1.119.Final]
		at io.netty.util.concurrent.DefaultPromise.setValue0(DefaultPromise.java:636) ~[netty-common-4.1.119.Final.jar:4.1.119.Final]
		at io.netty.util.concurrent.DefaultPromise.setFailure0(DefaultPromise.java:629) ~[netty-common-4.1.119.Final.jar:4.1.119.Final]
		at io.netty.util.concurrent.DefaultPromise.tryFailure(DefaultPromise.java:118) ~[netty-common-4.1.119.Final.jar:4.1.119.Final]
		at io.netty.channel.nio.AbstractNioChannel$AbstractNioUnsafe.fulfillConnectPromise(AbstractNioChannel.java:326) ~[netty-transport-4.1.119.Final.jar:4.1.119.Final]
		at io.netty.channel.nio.AbstractNioChannel$AbstractNioUnsafe.finishConnect(AbstractNioChannel.java:342) ~[netty-transport-4.1.119.Final.jar:4.1.119.Final]
		at io.netty.channel.nio.NioEventLoop.processSelectedKey(NioEventLoop.java:784) ~[netty-transport-4.1.119.Final.jar:4.1.119.Final]
		at io.netty.channel.nio.NioEventLoop.processSelectedKeysOptimized(NioEventLoop.java:732) ~[netty-transport-4.1.119.Final.jar:4.1.119.Final]
		at io.netty.channel.nio.NioEventLoop.processSelectedKeys(NioEventLoop.java:658) ~[netty-transport-4.1.119.Final.jar:4.1.119.Final]
		at io.netty.channel.nio.NioEventLoop.run(NioEventLoop.java:562) ~[netty-transport-4.1.119.Final.jar:4.1.119.Final]
		at io.netty.util.concurrent.SingleThreadEventExecutor$4.run(SingleThreadEventExecutor.java:998) ~[netty-common-4.1.119.Final.jar:4.1.119.Final]
		at io.netty.util.internal.ThreadExecutorMap$2.run(ThreadExecutorMap.java:74) ~[netty-common-4.1.119.Final.jar:4.1.119.Final]
		at io.netty.util.concurrent.FastThreadLocalRunnable.run(FastThreadLocalRunnable.java:30) ~[netty-common-4.1.119.Final.jar:4.1.119.Final]
		at java.base/java.lang.Thread.run(Thread.java:1474) ~[na:na]
	Suppressed: java.lang.Exception: #block terminated with an error
		at reactor.core.publisher.BlockingSingleSubscriber.blockingGet(BlockingSingleSubscriber.java:104) ~[reactor-core-3.7.4.jar:3.7.4]
		at reactor.core.publisher.Mono.block(Mono.java:1779) ~[reactor-core-3.7.4.jar:3.7.4]
		at org.springframework.boot.actuate.autoconfigure.tracing.zipkin.ZipkinWebClientSender.postSpans(ZipkinWebClientSender.java:58) ~[spring-boot-actuator-autoconfigure-3.4.4.jar:3.4.4]
		at org.springframework.boot.actuate.autoconfigure.tracing.zipkin.HttpSender.postSpans(HttpSender.java:69) ~[spring-boot-actuator-autoconfigure-3.4.4.jar:3.4.4]
		at org.springframework.boot.actuate.autoconfigure.tracing.zipkin.HttpSender.postSpans(HttpSender.java:41) ~[spring-boot-actuator-autoconfigure-3.4.4.jar:3.4.4]
		at zipkin2.reporter.BaseHttpSender.send(BaseHttpSender.java:123) ~[zipkin-reporter-3.4.3.jar:na]
		at zipkin2.reporter.internal.AsyncReporter$BoundedAsyncReporter.flush(AsyncReporter.java:266) ~[zipkin-reporter-3.4.3.jar:na]
		at zipkin2.reporter.internal.AsyncReporter$Flusher.run(AsyncReporter.java:352) ~[zipkin-reporter-3.4.3.jar:na]
		at java.base/java.lang.Thread.run(Thread.java:1474) ~[na:na]
Caused by: io.netty.channel.AbstractChannel$AnnotatedConnectException: Connection refused: getsockopt: localhost/127.0.0.1:9411
Caused by: java.net.ConnectException: Connection refused: getsockopt
	at java.base/sun.nio.ch.Net.pollConnect(Native Method) ~[na:na]
	at java.base/sun.nio.ch.Net.pollConnectNow(Net.java:639) ~[na:na]
	at java.base/sun.nio.ch.SocketChannelImpl.finishConnect(SocketChannelImpl.java:1046) ~[na:na]
	at io.netty.channel.socket.nio.NioSocketChannel.doFinishConnect(NioSocketChannel.java:336) ~[netty-transport-4.1.119.Final.jar:4.1.119.Final]
	at io.netty.channel.nio.AbstractNioChannel$AbstractNioUnsafe.finishConnect(AbstractNioChannel.java:339) ~[netty-transport-4.1.119.Final.jar:4.1.119.Final]
	at io.netty.channel.nio.NioEventLoop.processSelectedKey(NioEventLoop.java:784) ~[netty-transport-4.1.119.Final.jar:4.1.119.Final]
	at io.netty.channel.nio.NioEventLoop.processSelectedKeysOptimized(NioEventLoop.java:732) ~[netty-transport-4.1.119.Final.jar:4.1.119.Final]
	at io.netty.channel.nio.NioEventLoop.processSelectedKeys(NioEventLoop.java:658) ~[netty-transport-4.1.119.Final.jar:4.1.119.Final]
	at io.netty.channel.nio.NioEventLoop.run(NioEventLoop.java:562) ~[netty-transport-4.1.119.Final.jar:4.1.119.Final]
	at io.netty.util.concurrent.SingleThreadEventExecutor$4.run(SingleThreadEventExecutor.java:998) ~[netty-common-4.1.119.Final.jar:4.1.119.Final]
	at io.netty.util.internal.ThreadExecutorMap$2.run(ThreadExecutorMap.java:74) ~[netty-common-4.1.119.Final.jar:4.1.119.Final]
	at io.netty.util.concurrent.FastThreadLocalRunnable.run(FastThreadLocalRunnable.java:30) ~[netty-common-4.1.119.Final.jar:4.1.119.Final]
	at java.base/java.lang.Thread.run(Thread.java:1474) ~[na:na]

2026-07-25T20:04:22.227+02:00 DEBUG 1920 --- [Java Quest] [-auto-1-exec-10] [6a64faa6a4c7be3abdd1fbb17bd3c6e3-bdd1fbb17bd3c6e3] o.s.c.n.eureka.server.InstanceRegistry   : renewed JAVA QUEST, serverId host.docker.internal:Java Quest:0, isReplication false
2026-07-25T20:04:22.229+02:00 DEBUG 1920 --- [Java Quest] [beatExecutor-%d] [                                                 ] .d.s.t.j.AbstractJersey3EurekaHttpClient : Jersey3 HTTP PUT http://localhost:58262/eureka//apps/JAVA QUEST/host.docker.internal:Java Quest:0; statusCode=200
2026-07-25T20:04:22.229+02:00 DEBUG 1920 --- [Java Quest] [beatExecutor-%d] [                                                 ] com.netflix.discovery.DiscoveryClient    : DiscoveryClient_JAVA QUEST/host.docker.internal:Java Quest:0 - Heartbeat status: 200
2026-07-25T20:04:22.230+02:00 DEBUG 1920 --- [Java Quest] [reshExecutor-%d] [                                                 ] c.n.d.util.DeserializerStringCache       : clearing global-level cache with size 0
2026-07-25T20:04:22.230+02:00 DEBUG 1920 --- [Java Quest] [reshExecutor-%d] [                                                 ] c.n.d.util.DeserializerStringCache       : clearing app-level serialization cache with size 7
2026-07-25T20:04:22.230+02:00 DEBUG 1920 --- [Java Quest] [reshExecutor-%d] [                                                 ] .d.s.t.j.AbstractJersey3EurekaHttpClient : Jersey3 HTTP GET http://localhost:58262/eureka//apps/delta; statusCode=200
2026-07-25T20:04:22.230+02:00 DEBUG 1920 --- [Java Quest] [reshExecutor-%d] [                                                 ] com.netflix.discovery.DiscoveryClient    : Got delta update with apps hashcode UP_1_
2026-07-25T20:04:22.230+02:00 DEBUG 1920 --- [Java Quest] [reshExecutor-%d] [                                                 ] com.netflix.discovery.DiscoveryClient    : Added instance host.docker.internal:Java Quest:0 to the existing apps in region null
2026-07-25T20:04:22.230+02:00 DEBUG 1920 --- [Java Quest] [reshExecutor-%d] [                                                 ] com.netflix.discovery.DiscoveryClient    : The total number of instances fetched by the delta processor : 1
2026-07-25T20:04:22.231+02:00 DEBUG 1920 --- [Java Quest] [reshExecutor-%d] [                                                 ] com.netflix.discovery.DiscoveryClient    : The total number of all instances in the client now is 1
2026-07-25T20:04:22.231+02:00 DEBUG 1920 --- [Java Quest] [reshExecutor-%d] [                                                 ] com.netflix.discovery.DiscoveryClient    : Completed cache refresh task for discovery. All Apps hash code is Local region apps hashcode: UP_1_, is fetching remote regions? false 
2026-07-25T20:04:22.373+02:00 DEBUG 1920 --- [Java Quest] [reshExecutor-%d] [                                                 ] c.n.d.util.DeserializerStringCache       : clearing global-level cache with size 0
2026-07-25T20:04:22.373+02:00 DEBUG 1920 --- [Java Quest] [reshExecutor-%d] [                                                 ] c.n.d.util.DeserializerStringCache       : clearing app-level serialization cache with size 7
2026-07-25T20:04:22.373+02:00 DEBUG 1920 --- [Java Quest] [reshExecutor-%d] [                                                 ] .d.s.t.j.AbstractJersey3EurekaHttpClient : Jersey3 HTTP GET http://localhost:58262/eureka//apps/delta; statusCode=200
2026-07-25T20:04:22.373+02:00 DEBUG 1920 --- [Java Quest] [reshExecutor-%d] [                                                 ] com.netflix.discovery.DiscoveryClient    : Got delta update with apps hashcode UP_1_
2026-07-25T20:04:22.374+02:00 DEBUG 1920 --- [Java Quest] [reshExecutor-%d] [                                                 ] com.netflix.discovery.DiscoveryClient    : Added instance host.docker.internal:Java Quest:0 to the existing apps in region null
2026-07-25T20:04:22.374+02:00 DEBUG 1920 --- [Java Quest] [reshExecutor-%d] [                                                 ] com.netflix.discovery.DiscoveryClient    : The total number of instances fetched by the delta processor : 1
2026-07-25T20:04:22.374+02:00 DEBUG 1920 --- [Java Quest] [reshExecutor-%d] [                                                 ] com.netflix.discovery.DiscoveryClient    : The total number of all instances in the client now is 1
2026-07-25T20:04:22.374+02:00 DEBUG 1920 --- [Java Quest] [reshExecutor-%d] [                                                 ] com.netflix.discovery.DiscoveryClient    : Completed cache refresh task for discovery. All Apps hash code is Local region apps hashcode: UP_1_, is fetching remote regions? false 
2026-07-25T20:04:22.380+02:00 DEBUG 1920 --- [Java Quest] [o-auto-1-exec-1] [6a64faa687aecd41c6c2f1c461627711-c6c2f1c461627711] o.s.c.n.eureka.server.InstanceRegistry   : renewed JAVA QUEST, serverId host.docker.internal:Java Quest:0, isReplication false
2026-07-25T20:04:22.381+02:00 DEBUG 1920 --- [Java Quest] [beatExecutor-%d] [                                                 ] .d.s.t.j.AbstractJersey3EurekaHttpClient : Jersey3 HTTP PUT http://localhost:58262/eureka//apps/JAVA QUEST/host.docker.internal:Java Quest:0; statusCode=200
2026-07-25T20:04:22.381+02:00 DEBUG 1920 --- [Java Quest] [beatExecutor-%d] [                                                 ] com.netflix.discovery.DiscoveryClient    : DiscoveryClient_JAVA QUEST/host.docker.internal:Java Quest:0 - Heartbeat status: 200
2026-07-25T20:04:23.292+02:00 DEBUG 1920 --- [Java Quest] [o-auto-1-exec-3] [6a64faa7340cb8a558025df641001605-58025df641001605] o.s.c.n.eureka.server.InstanceRegistry   : renewed JAVA QUEST, serverId host.docker.internal:Java Quest:0, isReplication false
2026-07-25T20:04:23.294+02:00 DEBUG 1920 --- [Java Quest] [beatExecutor-%d] [                                                 ] .d.s.t.j.AbstractJersey3EurekaHttpClient : Jersey3 HTTP PUT http://localhost:58262/eureka//apps/JAVA QUEST/host.docker.internal:Java Quest:0; statusCode=200
2026-07-25T20:04:23.294+02:00 DEBUG 1920 --- [Java Quest] [beatExecutor-%d] [                                                 ] com.netflix.discovery.DiscoveryClient    : DiscoveryClient_JAVA QUEST/host.docker.internal:Java Quest:0 - Heartbeat status: 200
2026-07-25T20:04:23.299+02:00 DEBUG 1920 --- [Java Quest] [reshExecutor-%d] [                                                 ] c.n.d.util.DeserializerStringCache       : clearing global-level cache with size 0
2026-07-25T20:04:23.299+02:00 DEBUG 1920 --- [Java Quest] [reshExecutor-%d] [                                                 ] c.n.d.util.DeserializerStringCache       : clearing app-level serialization cache with size 7
2026-07-25T20:04:23.299+02:00 DEBUG 1920 --- [Java Quest] [reshExecutor-%d] [                                                 ] .d.s.t.j.AbstractJersey3EurekaHttpClient : Jersey3 HTTP GET http://localhost:58262/eureka//apps/delta; statusCode=200
2026-07-25T20:04:23.299+02:00 DEBUG 1920 --- [Java Quest] [reshExecutor-%d] [                                                 ] com.netflix.discovery.DiscoveryClient    : Got delta update with apps hashcode UP_1_
2026-07-25T20:04:23.300+02:00 DEBUG 1920 --- [Java Quest] [reshExecutor-%d] [                                                 ] com.netflix.discovery.DiscoveryClient    : Added instance host.docker.internal:Java Quest:0 to the existing apps in region null
2026-07-25T20:04:23.300+02:00 DEBUG 1920 --- [Java Quest] [reshExecutor-%d] [                                                 ] com.netflix.discovery.DiscoveryClient    : The total number of instances fetched by the delta processor : 1
2026-07-25T20:04:23.300+02:00 DEBUG 1920 --- [Java Quest] [reshExecutor-%d] [                                                 ] com.netflix.discovery.DiscoveryClient    : The total number of all instances in the client now is 1
2026-07-25T20:04:23.300+02:00 DEBUG 1920 --- [Java Quest] [reshExecutor-%d] [                                                 ] com.netflix.discovery.DiscoveryClient    : Completed cache refresh task for discovery. All Apps hash code is Local region apps hashcode: UP_1_, is fetching remote regions? false 
2026-07-25T20:04:23.418+02:00 DEBUG 1920 --- [Java Quest] [o-auto-1-exec-8] [6a64faa70f2fc95ece1cdb4683010875-ce1cdb4683010875] o.s.c.n.eureka.server.InstanceRegistry   : renewed JAVA QUEST, serverId host.docker.internal:Java Quest:0, isReplication false
2026-07-25T20:04:23.471+02:00 DEBUG 1920 --- [Java Quest] [beatExecutor-%d] [                                                 ] .d.s.t.j.AbstractJersey3EurekaHttpClient : Jersey3 HTTP PUT http://localhost:58262/eureka//apps/JAVA QUEST/host.docker.internal:Java Quest:0; statusCode=200
2026-07-25T20:04:23.471+02:00 DEBUG 1920 --- [Java Quest] [beatExecutor-%d] [                                                 ] com.netflix.discovery.DiscoveryClient    : DiscoveryClient_JAVA QUEST/host.docker.internal:Java Quest:0 - Heartbeat status: 200
2026-07-25T20:04:23.506+02:00 DEBUG 1920 --- [Java Quest] [reshExecutor-%d] [                                                 ] c.n.d.util.DeserializerStringCache       : clearing global-level cache with size 0
2026-07-25T20:04:23.506+02:00 DEBUG 1920 --- [Java Quest] [reshExecutor-%d] [                                                 ] c.n.d.util.DeserializerStringCache       : clearing app-level serialization cache with size 7
2026-07-25T20:04:23.506+02:00 DEBUG 1920 --- [Java Quest] [reshExecutor-%d] [                                                 ] .d.s.t.j.AbstractJersey3EurekaHttpClient : Jersey3 HTTP GET http://localhost:58262/eureka//apps/delta; statusCode=200
2026-07-25T20:04:23.506+02:00 DEBUG 1920 --- [Java Quest] [reshExecutor-%d] [                                                 ] com.netflix.discovery.DiscoveryClient    : Got delta update with apps hashcode UP_1_
2026-07-25T20:04:23.506+02:00 DEBUG 1920 --- [Java Quest] [reshExecutor-%d] [                                                 ] com.netflix.discovery.DiscoveryClient    : Added instance host.docker.internal:Java Quest:0 to the existing apps in region null
2026-07-25T20:04:23.507+02:00 DEBUG 1920 --- [Java Quest] [reshExecutor-%d] [                                                 ] com.netflix.discovery.DiscoveryClient    : The total number of instances fetched by the delta processor : 1
2026-07-25T20:04:23.507+02:00 DEBUG 1920 --- [Java Quest] [reshExecutor-%d] [                                                 ] com.netflix.discovery.DiscoveryClient    : The total number of all instances in the client now is 1
2026-07-25T20:04:23.507+02:00 DEBUG 1920 --- [Java Quest] [reshExecutor-%d] [                                                 ] com.netflix.discovery.DiscoveryClient    : Completed cache refresh task for discovery. All Apps hash code is Local region apps hashcode: UP_1_, is fetching remote regions? false 
